******************************************************************************
              TMS320C55x Linker PC v4.4.1                      
******************************************************************************
>> Linked Wed Apr 05 12:11:50 2017

OUTPUT FILE NAME:   <EQ.out>
ENTRY POINT SYMBOL: "_c_int00"  address: 00029196


MEMORY CONFIGURATION

         name            origin    length      used     unused   attr    fill
                        (bytes)   (bytes)    (bytes)   (bytes)
----------------------  --------  ---------  --------  --------  ----  --------
PAGE 0:
  MMR                   00000000   000000c0  00000000  000000c0  RWIX
  DARAM0                000000c0   0000ff40  00006f46  00008ffa  RWIX
  SARAM0                00010000   00010000  00000000  00010000  RWIX
  SARAM1                00020000   00020000  000092d5  00016d2b  RWIX
  SARAM2                00040000   0000fe00  00000436  0000f9ca  RWIX
  VECS                  0004fe00   00000200  00000200  00000000  RWIX
  PDROM                 00ff8000   00008000  00000000  00008000  R IX

PAGE 2:
  IOPORT                00000000   00020000  00000000  00020000  RWI 


SECTION ALLOCATION MAP
(Addresses surrounded by []'s are displayed for convenience only!)

output                                                          attributes/
section   page  orgn(bytes) orgn(words) len(bytes) len(words)   input sections
--------  ----  ----------- ----------- ---------- ----------   --------------
.pinit       0   [ 00040000 ]  00020000          *   00000000   UNINITIALIZED

.stack       0   [ 000000c0 ]  00000060          *   00001000   UNINITIALIZED
                 [ 000000c0 ]  00000060          *   00001000   --HOLE--

.data        0   [ 000000c0 ]  00000060          *   00000000   UNINITIALIZED

.sysstack 
*            0   [ 000020c0 ]  00001060          *   00000800   UNINITIALIZED
                 [ 000020c0 ]  00001060          *   00000800   --HOLE--

.sysmem      0   [ 000030c0 ]  00001860          *   00001000   UNINITIALIZED
                 [ 000030c0 ]  00001860          *   00001000   --HOLE--

.bss         0   [ 000050c0 ]  00002860          *   00000c20   UNINITIALIZED
                 [ 000050c0 ]  00002860          *   00000408   ezdsp5535_aic3204_dma.obj (.bss)
                 [ 000058d0 ]  00002c68          *   00000322   main.obj (.bss)
                 [ 00005f14 ]  00002f8a          *   000001b4   processing.obj (.bss)
                 [ 0000627c ]  0000313e          *   00000119   rts55x.lib : defs.obj (.bss)
                 [ 000064ae ]  00003257          *   000000d0              : trgdrv.obj (.bss)
                 [ 0000664e ]  00003327          *   00000001              : errno.obj (.bss)
                 [ 00006650 ]  00003328          *   00000084   cslVC5505.lib : csl_intc.obj (.bss)
                 [ 00006758 ]  000033ac          *   00000071   rts55x.lib : lowlev.obj (.bss)
                 [ 0000683a ]  0000341d          *   0000002a   cslVC5505.lib : csl_i2s.obj (.bss)
                 [ 0000688e ]  00003447          *   00000001   rts55x.lib : fopen.obj (.bss)
                 [ 00006890 ]  00003448          *   00000012   cslVC5505.lib : csl_i2c.obj (.bss)
                 [ 000068b4 ]  0000345a          *   00000008   ezdsp5535bsl.lib : ezdsp5535_sar.obj (.bss)
                 [ 000068c4 ]  00003462          *   00000008   rts55x.lib : cos.obj (.bss)
                 [ 000068d4 ]  0000346a          *   00000006              : memory.obj (.bss)
                 [ 000068e0 ]  00003470          *   00000004   ezdsp5535bsl.lib : ezdsp5535_gpio.obj (.bss)
                 [ 000068e8 ]  00003474          *   00000004   rts55x.lib : _lock.obj (.bss)
                 [ 000068f0 ]  00003478          *   00000004              : exit.obj (.bss)
                 [ 000068f8 ]  0000347c          *   00000002   aic3204.obj (.bss)
                 [ 000068fc ]  0000347e          *   00000002   ezdsp5535bsl.lib : ezdsp5535_i2s.obj (.bss)

.const.1     0   [ 00006900 ]  00003480          *   00000319   
                 [ 00006900 ]  00003480          *   00000174   aic3204_init.obj (.const:.string)
                 [ 00006be8 ]  000035f4          *   00000101   rts55x.lib : ctype.obj (.const:__ctypes_)
                 [ 00006dea ]  000036f5          *   00000060   print_number.obj (.const:_consolas_8ptBitmaps)
                 [ 00006eaa ]  00003755          *   00000001   print_number.obj (.const)
                 [ 00006eac ]  00003756          *   00000024   rts55x.lib : _printfi.obj (.const:.string)
                 [ 00006ef4 ]  0000377a          *   0000001f   main.obj (.const:.string)

.const.2     0   [ 00006f34 ]  0000379a          *   0000006a   
                 [ 00006f34 ]  0000379a          *   00000016   rts55x.lib : cos.obj (.const)
                 [ 00006f60 ]  000037b0          *   0000000e   processing.obj (.const)
                 [ 00006f7c ]  000037be          *   0000000c   rts55x.lib : _printfi.obj (.const)
                 [ 00006f94 ]  000037ca          *   0000000a              : ldexp.obj (.const)
                 [ 00006fa8 ]  000037d4          *   0000000a              : sqrt.obj (.const)
                 [ 00006fbc ]  000037de          *   00000008              : divd.obj (.const:_initial_approx$1)
                 [ 00006fcc ]  000037e6          *   00000008              : frexp.obj (.const)
                 [ 00006fdc ]  000037ee          *   00000008              : round.obj (.const)
                 [ 00006fec ]  000037f6          *   00000006              : modf.obj (.const)
                 [ 00006ff8 ]  000037fc          *   00000004              : trunc.obj (.const)
                 [ 00007000 ]  00003800          *   00000002              : fputs.obj (.const:.string)
                 [ 00007004 ]  00003802          *   00000002              : fltlid.obj (.const)

.text        0     00020000  [ 00010000 ] 000092d5          *   
                   00020000  [ 00010000 ] 000015a4          *   rts55x.lib : _printfi.obj (.text)
                   000215a4  [ 00010ad2 ] 00000c3c          *   cslVC5505.lib : csl_i2c.obj (.text)
                   000221e0  [ 000110f0 ] 00000b18          *                 : csl_sar.obj (.text)
                   00022cf8  [ 0001167c ] 000009f3          *                 : csl_i2s.obj (.text)
                   000236eb  [ 00011b75+] 00000863          *   processing.obj (.text)
                   00023f4e  [ 00011fa7 ] 0000068d          *   cslVC5505.lib : csl_gpio.obj (.text)
                   000245db  [ 000122ed+] 000005b5          *   aic3204_init.obj (.text)
                   00024b90  [ 000125c8 ] 00000554          *   cslVC5505.lib : csl_intc.obj (.text)
                   000250e4  [ 00012872 ] 00000543          *   rts55x.lib : lowlev.obj (.text)
                   00025627  [ 00012b13+] 00000528          *              : trgdrv.obj (.text)
                   00025b4f  [ 00012da7+] 000004b5          *              : memory.obj (.text)
                   00026004  [ 00013002 ] 000003cc          *              : divd.obj (.text)
                   000263d0  [ 000131e8 ] 0000031b          *   ezdsp5535_aic3204_dma.obj (.text)
                   000266eb  [ 00013375+] 000002d2          *   print_number.obj (.text)
                   000269bd  [ 000134de+] 0000027f          *   rts55x.lib : fopen.obj (.text)
                   00026c3c  [ 0001361e ] 0000025e          *              : llmpy.obj (.text)
                   00026e9a  [ 0001374d ] 0000025a          *              : addd.obj (.text)
                   000270f4  [ 0001387a ] 00000218          *              : cos.obj (.text)
                   0002730c  [ 00013986 ] 000001ea          *              : cmpd.obj (.text)
                   000274f6  [ 00013a7b ] 000001bf          *   main.obj (.text)
                   000276b5  [ 00013b5a+] 00000192          *   ezdsp5535bsl.lib : ezdsp5535_lcd.obj (.text)
                   00027847  [ 00013c23+] 0000017a          *                    : ezdsp5535_sar.obj (.text)
                   000279c1  [ 00013ce0+] 00000163          *   rts55x.lib : fputs.obj (.text)
                   00027b24  [ 00013d92 ] 0000014c          *              : mpyd.obj (.text)
                   00027c70  [ 00013e38 ] 00000120          *   iir.obj (.text)
                   00027d90  [ 00013ec8 ] 00000116          *   rts55x.lib : sqrt.obj (.text)
                   00027ea6  [ 00013f53 ] 00000107          *   ezdsp5535bsl.lib : ezdsp5535_i2s.obj (.text)
                   00027fad  [ 00013fd6+] 000000f2          *   rts55x.lib : ldexp.obj (.text)
                   0002809f  [ 0001404f+] 000000e6          *              : setvbuf.obj (.text)
                   00028185  [ 000140c2+] 000000dd          *              : _io_perm.obj (.text)
                   00028262  [ 00014131 ] 000000cc          *   ezdsp5535_aic3204_dma.obj (.text:retain)
                   0002832e  [ 00014197 ] 000000cc          *   rts55x.lib : frexp.obj (.text)
                   000283fa  [ 000141fd ] 000000c3          *   aic3204.obj (.text)
                   000284bd  [ 0001425e+] 000000c2          *   rts55x.lib : fflush.obj (.text)
                   0002857f  [ 000142bf+] 000000bf          *              : modf.obj (.text)
                   0002863e  [ 0001431f ] 000000ba          *              : trgmsg.obj (.text:CIO_breakpoint)
                   000286f8  [ 0001437c ] 000000a6          *              : fputc.obj (.text)
                   0002879e  [ 000143cf ] 000000a1          *              : divul.obj (.text)
                   0002883f  [ 0001441f+] 0000008e          *   ezdsp5535bsl.lib : ezdsp5535_i2c.obj (.text)
                   000288cd  [ 00014466+] 0000008c          *   cslVC5505.lib : csl_irqplug.obj (.text)
                   00028959  [ 000144ac+] 00000087          *   ezdsp5535bsl.lib : ezdsp5535_gpio.obj (.text)
                   000289e0  [ 000144f0 ] 0000007d          *   rts55x.lib : ltoa.obj (.text)
                   00028a5d  [ 0001452e+] 0000007b          *              : fclose.obj (.text)
                   00028ad8  [ 0001456c ] 00000076          *              : frcmpyd.obj (.text)
                   00028b4e  [ 000145a7 ] 00000073          *              : frcmpyd_div.obj (.text)
                   00028bc1  [ 000145e0+] 00000072          *              : remul.obj (.text)
                   00028c33  [ 00014619+] 0000006f          *              : fixdli.obj (.text)
                   00028ca2  [ 00014651 ] 0000006d          *   cslVC5505.lib : vectors.obj (.text)
                   00028d0f  [ 00014687+] 0000006d          *   rts55x.lib : trgmsg.obj (.text)
                   00028d7c  [ 000146be ] 0000006b          *              : fseek.obj (.text)
                   00028de7  [ 000146f3+] 00000067          *              : fltlid.obj (.text)
                   00028e4e  [ 00014727 ] 0000005f          *              : round.obj (.text)
                   00028ead  [ 00014756+] 0000005c          *              : atoi.obj (.text)
                   00028f09  [ 00014784+] 00000054          *   ezdsp5535bsl.lib : ezdsp5535.obj (.text)
                   00028f5d  [ 000147ae+] 00000050          *   rts55x.lib : printf.obj (.text)
                   00028fad  [ 000147d6+] 0000004d          *              : autoinit.obj (.text)
                   00028ffa  [ 000147fd ] 0000004b          *              : args_main.obj (.text)
                   00029045  [ 00014822+] 0000004b          *              : remli.obj (.text)
                   00029090  [ 00014848 ] 00000048          *              : divli.obj (.text)
                   000290d8  [ 0001486c ] 00000041          *              : trunc.obj (.text)
                   00029119  [ 0001488c+] 0000003f          *              : memcpy.obj (.text)
                   00029158  [ 000148ac ] 0000003e          *              : exit.obj (.text)
                   00029196  [ 000148cb ] 00000034          *              : boot.obj (.text)
                   000291ca  [ 000148e5 ] 0000002a          *              : fixdi.obj (.text)
                   000291f4  [ 000148fa ] 0000002a          *              : udiv.obj (.text)
                   0002921e  [ 0001490f ] 00000023          *              : memccpy.obj (.text)
                   00029241  [ 00014920+] 0000001a          *              : isinf.obj (.text)
                   0002925b  [ 0001492d+] 00000014          *              : subd.obj (.text)
                   0002926f  [ 00014937+] 00000013          *              : lmpy.obj (.text)
                   00029282  [ 00014941 ] 00000012          *              : _lock.obj (.text)
                   00029294  [ 0001494a ] 00000011          *              : memset.obj (.text)
                   000292a5  [ 00014952+] 00000010          *              : negd.obj (.text)
                   000292b5  [ 0001495a+] 0000000c          *              : fltid.obj (.text)
                   000292c1  [ 00014960+] 0000000a          *              : remove.obj (.text)
                   000292cb  [ 00014965+] 00000007          *              : exit.obj (.text:CIO_breakpoint)
                   000292d2  [ 00014969 ] 00000002          *              : vectors.obj (.text)
                   000292d4  [ 0001496a ] 00000001          *   --HOLE-- [fill = 20]

.cio         0   [ 00040000 ]  00020000          *   00000120   UNINITIALIZED
                 [ 00040000 ]  00020000          *   00000120   rts55x.lib : trgmsg.obj (.cio)

.cinit       0   [ 00040240 ]  00020120          *   000000e7   
                 [ 00040240 ]  00020120          *   00000030   main.obj (.cinit)
                 [ 000402a0 ]  00020150          *   0000002d   rts55x.lib : lowlev.obj (.cinit)
                 [ 000402fa ]  0002017d          *   0000002a              : defs.obj (.cinit)
                 [ 0004034e ]  000201a7          *   00000020   processing.obj (.cinit)
                 [ 0004038e ]  000201c7          *   0000000c   ezdsp5535bsl.lib : ezdsp5535_sar.obj (.cinit)
                 [ 000403a6 ]  000201d3          *   0000000b   rts55x.lib : cos.obj (.cinit)
                 [ 000403bc ]  000201de          *   0000000a              : _lock.obj (.cinit)
                 [ 000403d0 ]  000201e8          *   0000000a              : exit.obj (.cinit)
                 [ 000403e4 ]  000201f2          *   00000008   cslVC5505.lib : csl_i2s.obj (.cinit)
                 [ 000403f4 ]  000201fa          *   00000004   rts55x.lib : errno.obj (.cinit)
                 [ 000403fc ]  000201fe          *   00000004              : fopen.obj (.cinit)
                 [ 00040404 ]  00020202          *   00000004              : memory.obj (.cinit)
                 [ 0004040c ]  00020206          *   00000001   --HOLE-- [fill = 0]

.switch      0   [ 00040410 ]  00020208          *   00000014   
                 [ 00040410 ]  00020208          *   00000014   print_number.obj (.switch:_printChar)

vectors      0     0004fe00  [ 00027f00 ] 00000200          *   
                   0004fe00  [ 00027f00 ] 00000100          *   cslVC5505.lib : vectors.obj (vectors)
                   0004ff00  [ 00027f80 ] 00000100          *   rts55x.lib : vectors.obj (vectors)


GLOBAL SYMBOLS: SORTED ALPHABETICALLY BY Name 

abs. value/
byte addr   word addr   name
---------   ---------   ----
00000002                $TI_capability$C5500$CallingConvention
00000002                $TI_capability$C5500$MemoryModel
00000001                $TI_capability_requires_rev3
ffffffff                .bss
ffffffff                .data
ffffffff                .text
000292cc                C$$EXIT
000286f3                C$$IO$$
0002926f                I$$LMPY
000291f4                I$$UDIV
00029209                I$$UMOD
0004fe00                RST
000283fa                _AIC3204_rget
00028445                _AIC3204_rset
            00002868    _DMA_InputL
            00002968    _DMA_InputR
            00002a68    _DMA_OutputL
            00002b68    _DMA_OutputR
000289c2                _EZDSP5535_GPIO_getInput
00028959                _EZDSP5535_GPIO_init
00028984                _EZDSP5535_GPIO_setDirection
000289a8                _EZDSP5535_GPIO_setOutput
0002883f                _EZDSP5535_I2C_init
000288a5                _EZDSP5535_I2C_read
00028874                _EZDSP5535_I2C_reset
0002887f                _EZDSP5535_I2C_write
00027f9b                _EZDSP5535_I2S_close
00027ea6                _EZDSP5535_I2S_init
00027eff                _EZDSP5535_I2S_readLeft
00027f5e                _EZDSP5535_I2S_readRight
00027f31                _EZDSP5535_I2S_writeLeft
00027f7f                _EZDSP5535_I2S_writeRight
00027728                _EZDSP5535_OSD9616_init
000276dd                _EZDSP5535_OSD9616_multiSend
0002780a                _EZDSP5535_OSD9616_printLetter
000276b5                _EZDSP5535_OSD9616_send
0002790d                _EZDSP5535_SAR_getKey
00027847                _EZDSP5535_SAR_init
00028f4f                _EZDSP5535_init
00028f09                _EZDSP5535_wait
00028f3d                _EZDSP5535_waitusec
00024439                _GPIO_clearInt
00023f92                _GPIO_close
00023fb6                _GPIO_config
000241e9                _GPIO_configBit
00024331                _GPIO_disableInt
000243af                _GPIO_enableInt
0002403b                _GPIO_getConfig
00023f4e                _GPIO_open
000240c3                _GPIO_read
0002454c                _GPIO_reset
000244c5                _GPIO_statusBit
00024146                _GPIO_write
            00003470    _GpioObj
00025af1                _HOSTclock
00025a86                _HOSTclose
000259d1                _HOSTlseek
00025932                _HOSTopen
000258a5                _HOSTread
000257f7                _HOSTrename
00025799                _HOSTtime
0002572f                _HOSTunlink
000256a2                _HOSTwrite
0002164d                _I2C_config
00022018                _I2C_eventDisable
00021ee4                _I2C_eventEnable
000217b2                _I2C_getConfig
000221c4                _I2C_getEventId
000215a4                _I2C_init
00021cc6                _I2C_read
00022137                _I2C_setCallback
00021888                _I2C_setup
00021a82                _I2C_write
0002312d                _I2S_close
00022cf8                _I2S_open
000231df                _I2S_read
000235ef                _I2S_reset
00022e3f                _I2S_setup
000236a0                _I2S_transEnable
00023499                _I2S_write
00024c2a                _IRQ_clear
00024c94                _IRQ_clearAll
00024ca4                _IRQ_config
00024dca                _IRQ_disable
00024e48                _IRQ_disableAll
00024e56                _IRQ_enable
00024f50                _IRQ_getArg
00024d37                _IRQ_getConfig
0002509e                _IRQ_globalDisable
000250b7                _IRQ_globalEnable
000250d0                _IRQ_globalRestore
00024b90                _IRQ_init
00024fc9                _IRQ_map
000288cd                _IRQ_plug
00024ee0                _IRQ_restore
00024f96                _IRQ_setArg
00024ffb                _IRQ_setVecs
0002502c                _IRQ_test
0004ff00                _Reset
00022763                _SAR_A2DMeasParamSet
00022bdd                _SAR_GPODirSet
000222da                _SAR_chanClose
0002235e                _SAR_chanConfig
0002265a                _SAR_chanCycSet
0002225d                _SAR_chanInit
00022278                _SAR_chanOpen
00022446                _SAR_chanSetup
0002223d                _SAR_deInit
000223d4                _SAR_getConfig
00022cb9                _SAR_getStatus
000221e0                _SAR_init
00022722                _SAR_readData
000226a9                _SAR_startConversion
000226db                _SAR_stopConversion
            0000345e    _SarHandle
            0000345a    _SarObj
0004fe00                _VECSTART
            00020000    __CIOBUF_
00024b37                __I2S_init
            00001060    __STACK_END
00002000                __STACK_SIZE
00002000                __SYSMEM_SIZE
00001000                __SYSSTACK_SIZE
00000001                __TI_args_main
ffffffff                ___binit__
ffffffff                ___bss__
ffffffff                ___c_args__
            00020120    ___cinit__
ffffffff                ___data__
ffffffff                ___edata__
ffffffff                ___end__
ffffffff                ___etext__
00029241                ___isinf
ffffffff                ___pinit__
ffffffff                ___text__
00026e9a                __addd
00028ffa                __args_main
00026ade                __cleanup
            00003478    __cleanup_ptr
0002749e                __cmpd
            000035f4    __ctypes_
00026004                __divd
00029090                __divli
00026e65                __divlli
000291f4                __divu
0002879e                __divul
00026d71                __divull
000284bd                __doflush
            0000347a    __dtors_ptr
0002746a                __eqld
000291ca                __fixdi
00028c33                __fixdli
000292b5                __fltid
00028de7                __fltlid
00028ad8                __frcmpyd
00028b4e                __frcmpyd_div
            00003256    __ft_end
            0000313e    __ftable
00027420                __geqd
000273d5                __gtrd
00027388                __leqd
            00003474    __lock
00027340                __lssd
00027b24                __mpyd
0002926f                __mpyli
00026cb9                __mpylli
000292a5                __negd
0002730c                __neqd
00029292                __nop
00028e4e                __nround
00021362                __printfi
00028205                __rd_ok
0002928a                __register_lock
00029282                __register_unlock
00029045                __remli
00026c8a                __remlli
00029209                __remu
00028bc1                __remul
00026c3c                __remull
            00000060    __stack
0002925b                __subd
            00001860    __sys_memory
            00001060    __sysstack
            000031b6    __tmpnams
000290d8                __trunc
            00003476    __unlock
00028185                __wrt_ok
000292cb                _abort
            00002f89    _activeSubrange
00025537                _add_device
00028492                _aic3204_codec_read
000284a9                _aic3204_codec_write
00028481                _aic3204_disable
000263d0                _aic3204_dma_init
0002846f                _aic3204_hardware_init
000245db                _aic3204_init
0002655b                _aic3204_read_block
00026610                _aic3204_write_block
            00002f8a    _alpha
00028ead                _atoi
00028fad                _auto_init
            00002efa    _band
            00002f92    _beta
            00002ef9    _button
00029196                _c_int00
00023a1c                _calculateAlphaBeta
00023732                _calculatePeekCoeff
000236eb                _calculateShelvingCoeff
00025fde                _calloc
00025fd6                _chkheap
00026789                _clearLCD
000254c4                _close
            00002f7e    _coeff
            000036f5    _consolas_8ptBitmaps
000270f4                _cos
            0000347c    _counter1
            0000347d    _counter2
00023dc0                _equalizer
            00003327    _errno
00029158                _exit
00028a5d                _fclose
00028526                _fflush
000254bb                _find_registered_device
00027c70                _first_order_IIR
00026c01                _fopen
000286f8                _fputc
000279c1                _fputs
00025b4f                _free
00025f80                _free_memory
00026b38                _freopen
0002832e                _frexp
            00003445    _fsError
00028d7c                _fseek
            00003448    _gI2cObj
00025627                _getenv
            00003472    _hGpio
            0000347e    _hI2s
            00002fa6    _hp_coeff
            00003458    _i2cHandle
000266eb                _initPrintNumber
            00002ef5    _k
            00002ef0    _kValues
            00002ef4    _kValuesIndex
            00003460    _keyCnt1
            00003461    _keyCnt2
00027fad                _ldexp
            00002f96    _lp_coeff
00025455                _lseek
000289e0                _ltoa
000274f6                _main
00025c80                _malloc
00025f26                _max_free
0002921e                _memccpy
00029119                _memcpy
00029294                _memset
00025c1b                _minit
0002857f                _modf
00025396                _open
            00003446    _ouError
            00002f9a    _peek1_coeff
            00002fa0    _peek2_coeff
            0000345d    _preKey
            00002f88    _previousButton
00026857                _printChar
00028f5d                _printf
000286f8                _putc
0002878f                _putchar
00027af6                _puts
000252e8                _read
00028d0f                _readmsg
00025d75                _realloc
000292c1                _remove
000252b2                _remove_device
00025259                _rename
            00002c68    _sampleBufferL
            00002ce8    _sampleBufferR
00027cd7                _second_order_IIR
00026835                _setWritePointerToFirstChar
000247cc                _set_sampling_frequency_and_gain
0002809f                _setvbuf
000237c2                _shelvingHP
00023888                _shelvingLP
00023952                _shelvingPeek
            00003755    _sign_width
00027d90                _sqrt
            00002d68    _tempBuff
            00002de8    _tempBuff1
            00002e68    _tempBuff2
            00002efe    _testInput
            00002fbe    _tmp_lp
            0000303e    _tmp_peek1
            000030be    _tmp_peek2
00025226                _unlink
            00002ee8    _w
000250e4                _write
0002863e                _writemsg
            00002f84    _z_x
            00002fac    _z_x_hp
            00002faa    _z_x_lp
            00002fb2    _z_x_peek1
            00002fb5    _z_x_peek2
            00002f86    _z_y
            00002fb0    _z_y_hp
            00002fae    _z_y_lp
            00002fb8    _z_y_peek1
            00002fbb    _z_y_peek2
ffffffff                binit
            00020120    cinit
ffffffff                edata
ffffffff                end
ffffffff                etext
ffffffff                pinit


GLOBAL SYMBOLS: SORTED BY Symbol Address 

abs. value/
byte addr   word addr   name
---------   ---------   ----
00000001                $TI_capability_requires_rev3
00000001                __TI_args_main
00000002                $TI_capability$C5500$CallingConvention
00000002                $TI_capability$C5500$MemoryModel
            00000060    __stack
00001000                __SYSSTACK_SIZE
00002000                __STACK_SIZE
00002000                __SYSMEM_SIZE
            00001060    __STACK_END
            00001060    __sysstack
            00001860    __sys_memory
            00002868    _DMA_InputL
            00002968    _DMA_InputR
            00002a68    _DMA_OutputL
            00002b68    _DMA_OutputR
            00002c68    _sampleBufferL
            00002ce8    _sampleBufferR
            00002d68    _tempBuff
            00002de8    _tempBuff1
            00002e68    _tempBuff2
            00002ee8    _w
            00002ef0    _kValues
            00002ef4    _kValuesIndex
            00002ef5    _k
            00002ef9    _button
            00002efa    _band
            00002efe    _testInput
            00002f7e    _coeff
            00002f84    _z_x
            00002f86    _z_y
            00002f88    _previousButton
            00002f89    _activeSubrange
            00002f8a    _alpha
            00002f92    _beta
            00002f96    _lp_coeff
            00002f9a    _peek1_coeff
            00002fa0    _peek2_coeff
            00002fa6    _hp_coeff
            00002faa    _z_x_lp
            00002fac    _z_x_hp
            00002fae    _z_y_lp
            00002fb0    _z_y_hp
            00002fb2    _z_x_peek1
            00002fb5    _z_x_peek2
            00002fb8    _z_y_peek1
            00002fbb    _z_y_peek2
            00002fbe    _tmp_lp
            0000303e    _tmp_peek1
            000030be    _tmp_peek2
            0000313e    __ftable
            000031b6    __tmpnams
            00003256    __ft_end
            00003327    _errno
            00003445    _fsError
            00003446    _ouError
            00003448    _gI2cObj
            00003458    _i2cHandle
            0000345a    _SarObj
            0000345d    _preKey
            0000345e    _SarHandle
            00003460    _keyCnt1
            00003461    _keyCnt2
            00003470    _GpioObj
            00003472    _hGpio
            00003474    __lock
            00003476    __unlock
            00003478    __cleanup_ptr
            0000347a    __dtors_ptr
            0000347c    _counter1
            0000347d    _counter2
            0000347e    _hI2s
            000035f4    __ctypes_
            000036f5    _consolas_8ptBitmaps
            00003755    _sign_width
00021362                __printfi
000215a4                _I2C_init
0002164d                _I2C_config
000217b2                _I2C_getConfig
00021888                _I2C_setup
00021a82                _I2C_write
00021cc6                _I2C_read
00021ee4                _I2C_eventEnable
00022018                _I2C_eventDisable
00022137                _I2C_setCallback
000221c4                _I2C_getEventId
000221e0                _SAR_init
0002223d                _SAR_deInit
0002225d                _SAR_chanInit
00022278                _SAR_chanOpen
000222da                _SAR_chanClose
0002235e                _SAR_chanConfig
000223d4                _SAR_getConfig
00022446                _SAR_chanSetup
0002265a                _SAR_chanCycSet
000226a9                _SAR_startConversion
000226db                _SAR_stopConversion
00022722                _SAR_readData
00022763                _SAR_A2DMeasParamSet
00022bdd                _SAR_GPODirSet
00022cb9                _SAR_getStatus
00022cf8                _I2S_open
00022e3f                _I2S_setup
0002312d                _I2S_close
000231df                _I2S_read
00023499                _I2S_write
000235ef                _I2S_reset
000236a0                _I2S_transEnable
000236eb                _calculateShelvingCoeff
00023732                _calculatePeekCoeff
000237c2                _shelvingHP
00023888                _shelvingLP
00023952                _shelvingPeek
00023a1c                _calculateAlphaBeta
00023dc0                _equalizer
00023f4e                _GPIO_open
00023f92                _GPIO_close
00023fb6                _GPIO_config
0002403b                _GPIO_getConfig
000240c3                _GPIO_read
00024146                _GPIO_write
000241e9                _GPIO_configBit
00024331                _GPIO_disableInt
000243af                _GPIO_enableInt
00024439                _GPIO_clearInt
000244c5                _GPIO_statusBit
0002454c                _GPIO_reset
000245db                _aic3204_init
000247cc                _set_sampling_frequency_and_gain
00024b37                __I2S_init
00024b90                _IRQ_init
00024c2a                _IRQ_clear
00024c94                _IRQ_clearAll
00024ca4                _IRQ_config
00024d37                _IRQ_getConfig
00024dca                _IRQ_disable
00024e48                _IRQ_disableAll
00024e56                _IRQ_enable
00024ee0                _IRQ_restore
00024f50                _IRQ_getArg
00024f96                _IRQ_setArg
00024fc9                _IRQ_map
00024ffb                _IRQ_setVecs
0002502c                _IRQ_test
0002509e                _IRQ_globalDisable
000250b7                _IRQ_globalEnable
000250d0                _IRQ_globalRestore
000250e4                _write
00025226                _unlink
00025259                _rename
000252b2                _remove_device
000252e8                _read
00025396                _open
00025455                _lseek
000254bb                _find_registered_device
000254c4                _close
00025537                _add_device
00025627                _getenv
000256a2                _HOSTwrite
0002572f                _HOSTunlink
00025799                _HOSTtime
000257f7                _HOSTrename
000258a5                _HOSTread
00025932                _HOSTopen
000259d1                _HOSTlseek
00025a86                _HOSTclose
00025af1                _HOSTclock
00025b4f                _free
00025c1b                _minit
00025c80                _malloc
00025d75                _realloc
00025f26                _max_free
00025f80                _free_memory
00025fd6                _chkheap
00025fde                _calloc
00026004                __divd
000263d0                _aic3204_dma_init
0002655b                _aic3204_read_block
00026610                _aic3204_write_block
000266eb                _initPrintNumber
00026789                _clearLCD
00026835                _setWritePointerToFirstChar
00026857                _printChar
00026ade                __cleanup
00026b38                _freopen
00026c01                _fopen
00026c3c                __remull
00026c8a                __remlli
00026cb9                __mpylli
00026d71                __divull
00026e65                __divlli
00026e9a                __addd
000270f4                _cos
0002730c                __neqd
00027340                __lssd
00027388                __leqd
000273d5                __gtrd
00027420                __geqd
0002746a                __eqld
0002749e                __cmpd
000274f6                _main
000276b5                _EZDSP5535_OSD9616_send
000276dd                _EZDSP5535_OSD9616_multiSend
00027728                _EZDSP5535_OSD9616_init
0002780a                _EZDSP5535_OSD9616_printLetter
00027847                _EZDSP5535_SAR_init
0002790d                _EZDSP5535_SAR_getKey
000279c1                _fputs
00027af6                _puts
00027b24                __mpyd
00027c70                _first_order_IIR
00027cd7                _second_order_IIR
00027d90                _sqrt
00027ea6                _EZDSP5535_I2S_init
00027eff                _EZDSP5535_I2S_readLeft
00027f31                _EZDSP5535_I2S_writeLeft
00027f5e                _EZDSP5535_I2S_readRight
00027f7f                _EZDSP5535_I2S_writeRight
00027f9b                _EZDSP5535_I2S_close
00027fad                _ldexp
0002809f                _setvbuf
00028185                __wrt_ok
00028205                __rd_ok
0002832e                _frexp
000283fa                _AIC3204_rget
00028445                _AIC3204_rset
0002846f                _aic3204_hardware_init
00028481                _aic3204_disable
00028492                _aic3204_codec_read
000284a9                _aic3204_codec_write
000284bd                __doflush
00028526                _fflush
0002857f                _modf
0002863e                _writemsg
000286f3                C$$IO$$
000286f8                _fputc
000286f8                _putc
0002878f                _putchar
0002879e                __divul
0002883f                _EZDSP5535_I2C_init
00028874                _EZDSP5535_I2C_reset
0002887f                _EZDSP5535_I2C_write
000288a5                _EZDSP5535_I2C_read
000288cd                _IRQ_plug
00028959                _EZDSP5535_GPIO_init
00028984                _EZDSP5535_GPIO_setDirection
000289a8                _EZDSP5535_GPIO_setOutput
000289c2                _EZDSP5535_GPIO_getInput
000289e0                _ltoa
00028a5d                _fclose
00028ad8                __frcmpyd
00028b4e                __frcmpyd_div
00028bc1                __remul
00028c33                __fixdli
00028d0f                _readmsg
00028d7c                _fseek
00028de7                __fltlid
00028e4e                __nround
00028ead                _atoi
00028f09                _EZDSP5535_wait
00028f3d                _EZDSP5535_waitusec
00028f4f                _EZDSP5535_init
00028f5d                _printf
00028fad                _auto_init
00028ffa                __args_main
00029045                __remli
00029090                __divli
000290d8                __trunc
00029119                _memcpy
00029158                _exit
00029196                _c_int00
000291ca                __fixdi
000291f4                I$$UDIV
000291f4                __divu
00029209                I$$UMOD
00029209                __remu
0002921e                _memccpy
00029241                ___isinf
0002925b                __subd
0002926f                I$$LMPY
0002926f                __mpyli
00029282                __register_unlock
0002928a                __register_lock
00029292                __nop
00029294                _memset
000292a5                __negd
000292b5                __fltid
000292c1                _remove
000292cb                _abort
000292cc                C$$EXIT
            00020000    __CIOBUF_
            00020120    ___cinit__
            00020120    cinit
0004fe00                RST
0004fe00                _VECSTART
0004ff00                _Reset
ffffffff                .bss
ffffffff                .data
ffffffff                .text
ffffffff                ___binit__
ffffffff                ___bss__
ffffffff                ___c_args__
ffffffff                ___data__
ffffffff                ___edata__
ffffffff                ___end__
ffffffff                ___etext__
ffffffff                ___pinit__
ffffffff                ___text__
ffffffff                binit
ffffffff                edata
ffffffff                end
ffffffff                etext
ffffffff                pinit

[312 symbols]
