<?xml version="1.0"?>
<link_info>
   <banner>TMS320C55x Linker Unix v4.4.1</banner>
   <copyright>Copyright (c) 1996-2012 Texas Instruments Incorporated</copyright>
   <link_time>0x58e2ba16</link_time>
   <output_file>EQ.out</output_file>
   <entry_point>
      <name>_c_int00</name>
      <address>0x29059</address>
   </entry_point>
   <input_file_list>
      <input_file id="fl-2">
         <path>./</path>
         <kind>object</kind>
         <file>aic3204.obj</file>
         <name>aic3204.obj</name>
      </input_file>
      <input_file id="fl-3">
         <path>./</path>
         <kind>object</kind>
         <file>aic3204_init.obj</file>
         <name>aic3204_init.obj</name>
      </input_file>
      <input_file id="fl-4">
         <path>./</path>
         <kind>object</kind>
         <file>ezdsp5535_aic3204_dma.obj</file>
         <name>ezdsp5535_aic3204_dma.obj</name>
      </input_file>
      <input_file id="fl-5">
         <path>./</path>
         <kind>object</kind>
         <file>iir.obj</file>
         <name>iir.obj</name>
      </input_file>
      <input_file id="fl-6">
         <path>./</path>
         <kind>object</kind>
         <file>main.obj</file>
         <name>main.obj</name>
      </input_file>
      <input_file id="fl-7">
         <path>./</path>
         <kind>object</kind>
         <file>print_number.obj</file>
         <name>print_number.obj</name>
      </input_file>
      <input_file id="fl-8">
         <path>./</path>
         <kind>object</kind>
         <file>processing.obj</file>
         <name>processing.obj</name>
      </input_file>
      <input_file id="fl-11">
         <path>../c55xx_csl/lib/</path>
         <kind>archive</kind>
         <file>cslVC5505.lib</file>
         <name>vectors.obj</name>
      </input_file>
      <input_file id="fl-12">
         <path>../c55xx_csl/lib/</path>
         <kind>archive</kind>
         <file>cslVC5505.lib</file>
         <name>csl_irqplug.obj</name>
      </input_file>
      <input_file id="fl-13">
         <path>../c55xx_csl/lib/</path>
         <kind>archive</kind>
         <file>cslVC5505.lib</file>
         <name>csl_intc.obj</name>
      </input_file>
      <input_file id="fl-14">
         <path>../c55xx_csl/lib/</path>
         <kind>archive</kind>
         <file>cslVC5505.lib</file>
         <name>csl_i2s.obj</name>
      </input_file>
      <input_file id="fl-15">
         <path>../lib/</path>
         <kind>archive</kind>
         <file>ezdsp5535bsl.lib</file>
         <name>ezdsp5535_sar.obj</name>
      </input_file>
      <input_file id="fl-16">
         <path>../lib/</path>
         <kind>archive</kind>
         <file>ezdsp5535bsl.lib</file>
         <name>ezdsp5535_lcd.obj</name>
      </input_file>
      <input_file id="fl-17">
         <path>../lib/</path>
         <kind>archive</kind>
         <file>ezdsp5535bsl.lib</file>
         <name>ezdsp5535_i2s.obj</name>
      </input_file>
      <input_file id="fl-18">
         <path>../lib/</path>
         <kind>archive</kind>
         <file>ezdsp5535bsl.lib</file>
         <name>ezdsp5535_i2c.obj</name>
      </input_file>
      <input_file id="fl-19">
         <path>../lib/</path>
         <kind>archive</kind>
         <file>ezdsp5535bsl.lib</file>
         <name>ezdsp5535_gpio.obj</name>
      </input_file>
      <input_file id="fl-1a">
         <path>../lib/</path>
         <kind>archive</kind>
         <file>ezdsp5535bsl.lib</file>
         <name>ezdsp5535.obj</name>
      </input_file>
      <input_file id="fl-1b">
         <path>/home/milan/ti/ccsv6/tools/compiler/c5500_4.4.1/lib/</path>
         <kind>archive</kind>
         <file>rts55x.lib</file>
         <name>addd.obj</name>
      </input_file>
      <input_file id="fl-1c">
         <path>/home/milan/ti/ccsv6/tools/compiler/c5500_4.4.1/lib/</path>
         <kind>archive</kind>
         <file>rts55x.lib</file>
         <name>boot.obj</name>
      </input_file>
      <input_file id="fl-1d">
         <path>/home/milan/ti/ccsv6/tools/compiler/c5500_4.4.1/lib/</path>
         <kind>archive</kind>
         <file>rts55x.lib</file>
         <name>cmpd.obj</name>
      </input_file>
      <input_file id="fl-1e">
         <path>/home/milan/ti/ccsv6/tools/compiler/c5500_4.4.1/lib/</path>
         <kind>archive</kind>
         <file>rts55x.lib</file>
         <name>cos.obj</name>
      </input_file>
      <input_file id="fl-1f">
         <path>/home/milan/ti/ccsv6/tools/compiler/c5500_4.4.1/lib/</path>
         <kind>archive</kind>
         <file>rts55x.lib</file>
         <name>divd.obj</name>
      </input_file>
      <input_file id="fl-20">
         <path>/home/milan/ti/ccsv6/tools/compiler/c5500_4.4.1/lib/</path>
         <kind>archive</kind>
         <file>rts55x.lib</file>
         <name>exit.obj</name>
      </input_file>
      <input_file id="fl-21">
         <path>/home/milan/ti/ccsv6/tools/compiler/c5500_4.4.1/lib/</path>
         <kind>archive</kind>
         <file>rts55x.lib</file>
         <name>fixdi.obj</name>
      </input_file>
      <input_file id="fl-22">
         <path>/home/milan/ti/ccsv6/tools/compiler/c5500_4.4.1/lib/</path>
         <kind>archive</kind>
         <file>rts55x.lib</file>
         <name>fixdli.obj</name>
      </input_file>
      <input_file id="fl-23">
         <path>/home/milan/ti/ccsv6/tools/compiler/c5500_4.4.1/lib/</path>
         <kind>archive</kind>
         <file>rts55x.lib</file>
         <name>fltid.obj</name>
      </input_file>
      <input_file id="fl-24">
         <path>/home/milan/ti/ccsv6/tools/compiler/c5500_4.4.1/lib/</path>
         <kind>archive</kind>
         <file>rts55x.lib</file>
         <name>fltlid.obj</name>
      </input_file>
      <input_file id="fl-25">
         <path>/home/milan/ti/ccsv6/tools/compiler/c5500_4.4.1/lib/</path>
         <kind>archive</kind>
         <file>rts55x.lib</file>
         <name>frcmpyd_div.obj</name>
      </input_file>
      <input_file id="fl-26">
         <path>/home/milan/ti/ccsv6/tools/compiler/c5500_4.4.1/lib/</path>
         <kind>archive</kind>
         <file>rts55x.lib</file>
         <name>lmpy.obj</name>
      </input_file>
      <input_file id="fl-27">
         <path>/home/milan/ti/ccsv6/tools/compiler/c5500_4.4.1/lib/</path>
         <kind>archive</kind>
         <file>rts55x.lib</file>
         <name>memset.obj</name>
      </input_file>
      <input_file id="fl-28">
         <path>/home/milan/ti/ccsv6/tools/compiler/c5500_4.4.1/lib/</path>
         <kind>archive</kind>
         <file>rts55x.lib</file>
         <name>modf.obj</name>
      </input_file>
      <input_file id="fl-29">
         <path>/home/milan/ti/ccsv6/tools/compiler/c5500_4.4.1/lib/</path>
         <kind>archive</kind>
         <file>rts55x.lib</file>
         <name>mpyd.obj</name>
      </input_file>
      <input_file id="fl-2a">
         <path>/home/milan/ti/ccsv6/tools/compiler/c5500_4.4.1/lib/</path>
         <kind>archive</kind>
         <file>rts55x.lib</file>
         <name>negd.obj</name>
      </input_file>
      <input_file id="fl-2b">
         <path>/home/milan/ti/ccsv6/tools/compiler/c5500_4.4.1/lib/</path>
         <kind>archive</kind>
         <file>rts55x.lib</file>
         <name>printf.obj</name>
      </input_file>
      <input_file id="fl-2c">
         <path>/home/milan/ti/ccsv6/tools/compiler/c5500_4.4.1/lib/</path>
         <kind>archive</kind>
         <file>rts55x.lib</file>
         <name>round.obj</name>
      </input_file>
      <input_file id="fl-2d">
         <path>/home/milan/ti/ccsv6/tools/compiler/c5500_4.4.1/lib/</path>
         <kind>archive</kind>
         <file>rts55x.lib</file>
         <name>sqrt.obj</name>
      </input_file>
      <input_file id="fl-2e">
         <path>/home/milan/ti/ccsv6/tools/compiler/c5500_4.4.1/lib/</path>
         <kind>archive</kind>
         <file>rts55x.lib</file>
         <name>subd.obj</name>
      </input_file>
      <input_file id="fl-2f">
         <path>/home/milan/ti/ccsv6/tools/compiler/c5500_4.4.1/lib/</path>
         <kind>archive</kind>
         <file>rts55x.lib</file>
         <name>trunc.obj</name>
      </input_file>
      <input_file id="fl-30">
         <path>/home/milan/ti/ccsv6/tools/compiler/c5500_4.4.1/lib/</path>
         <kind>archive</kind>
         <file>rts55x.lib</file>
         <name>vectors.obj</name>
      </input_file>
      <input_file id="fl-31">
         <path>/home/milan/ti/ccsv6/tools/compiler/c5500_4.4.1/lib/</path>
         <kind>archive</kind>
         <file>rts55x.lib</file>
         <name>_lock.obj</name>
      </input_file>
      <input_file id="fl-32">
         <path>/home/milan/ti/ccsv6/tools/compiler/c5500_4.4.1/lib/</path>
         <kind>archive</kind>
         <file>rts55x.lib</file>
         <name>_printfi.obj</name>
      </input_file>
      <input_file id="fl-33">
         <path>/home/milan/ti/ccsv6/tools/compiler/c5500_4.4.1/lib/</path>
         <kind>archive</kind>
         <file>rts55x.lib</file>
         <name>args_main.obj</name>
      </input_file>
      <input_file id="fl-34">
         <path>/home/milan/ti/ccsv6/tools/compiler/c5500_4.4.1/lib/</path>
         <kind>archive</kind>
         <file>rts55x.lib</file>
         <name>atoi.obj</name>
      </input_file>
      <input_file id="fl-35">
         <path>/home/milan/ti/ccsv6/tools/compiler/c5500_4.4.1/lib/</path>
         <kind>archive</kind>
         <file>rts55x.lib</file>
         <name>autoinit.obj</name>
      </input_file>
      <input_file id="fl-36">
         <path>/home/milan/ti/ccsv6/tools/compiler/c5500_4.4.1/lib/</path>
         <kind>archive</kind>
         <file>rts55x.lib</file>
         <name>ctype.obj</name>
      </input_file>
      <input_file id="fl-37">
         <path>/home/milan/ti/ccsv6/tools/compiler/c5500_4.4.1/lib/</path>
         <kind>archive</kind>
         <file>rts55x.lib</file>
         <name>defs.obj</name>
      </input_file>
      <input_file id="fl-38">
         <path>/home/milan/ti/ccsv6/tools/compiler/c5500_4.4.1/lib/</path>
         <kind>archive</kind>
         <file>rts55x.lib</file>
         <name>divul.obj</name>
      </input_file>
      <input_file id="fl-39">
         <path>/home/milan/ti/ccsv6/tools/compiler/c5500_4.4.1/lib/</path>
         <kind>archive</kind>
         <file>rts55x.lib</file>
         <name>errno.obj</name>
      </input_file>
      <input_file id="fl-3a">
         <path>/home/milan/ti/ccsv6/tools/compiler/c5500_4.4.1/lib/</path>
         <kind>archive</kind>
         <file>rts55x.lib</file>
         <name>fputc.obj</name>
      </input_file>
      <input_file id="fl-3b">
         <path>/home/milan/ti/ccsv6/tools/compiler/c5500_4.4.1/lib/</path>
         <kind>archive</kind>
         <file>rts55x.lib</file>
         <name>fputs.obj</name>
      </input_file>
      <input_file id="fl-3c">
         <path>/home/milan/ti/ccsv6/tools/compiler/c5500_4.4.1/lib/</path>
         <kind>archive</kind>
         <file>rts55x.lib</file>
         <name>frcmpyd.obj</name>
      </input_file>
      <input_file id="fl-3d">
         <path>/home/milan/ti/ccsv6/tools/compiler/c5500_4.4.1/lib/</path>
         <kind>archive</kind>
         <file>rts55x.lib</file>
         <name>frexp.obj</name>
      </input_file>
      <input_file id="fl-3e">
         <path>/home/milan/ti/ccsv6/tools/compiler/c5500_4.4.1/lib/</path>
         <kind>archive</kind>
         <file>rts55x.lib</file>
         <name>isinf.obj</name>
      </input_file>
      <input_file id="fl-3f">
         <path>/home/milan/ti/ccsv6/tools/compiler/c5500_4.4.1/lib/</path>
         <kind>archive</kind>
         <file>rts55x.lib</file>
         <name>ldexp.obj</name>
      </input_file>
      <input_file id="fl-40">
         <path>/home/milan/ti/ccsv6/tools/compiler/c5500_4.4.1/lib/</path>
         <kind>archive</kind>
         <file>rts55x.lib</file>
         <name>llmpy.obj</name>
      </input_file>
      <input_file id="fl-41">
         <path>/home/milan/ti/ccsv6/tools/compiler/c5500_4.4.1/lib/</path>
         <kind>archive</kind>
         <file>rts55x.lib</file>
         <name>lowlev.obj</name>
      </input_file>
      <input_file id="fl-42">
         <path>/home/milan/ti/ccsv6/tools/compiler/c5500_4.4.1/lib/</path>
         <kind>archive</kind>
         <file>rts55x.lib</file>
         <name>ltoa.obj</name>
      </input_file>
      <input_file id="fl-43">
         <path>/home/milan/ti/ccsv6/tools/compiler/c5500_4.4.1/lib/</path>
         <kind>archive</kind>
         <file>rts55x.lib</file>
         <name>memccpy.obj</name>
      </input_file>
      <input_file id="fl-44">
         <path>/home/milan/ti/ccsv6/tools/compiler/c5500_4.4.1/lib/</path>
         <kind>archive</kind>
         <file>rts55x.lib</file>
         <name>memcpy.obj</name>
      </input_file>
      <input_file id="fl-45">
         <path>/home/milan/ti/ccsv6/tools/compiler/c5500_4.4.1/lib/</path>
         <kind>archive</kind>
         <file>rts55x.lib</file>
         <name>remli.obj</name>
      </input_file>
      <input_file id="fl-46">
         <path>/home/milan/ti/ccsv6/tools/compiler/c5500_4.4.1/lib/</path>
         <kind>archive</kind>
         <file>rts55x.lib</file>
         <name>remul.obj</name>
      </input_file>
      <input_file id="fl-47">
         <path>/home/milan/ti/ccsv6/tools/compiler/c5500_4.4.1/lib/</path>
         <kind>archive</kind>
         <file>rts55x.lib</file>
         <name>trgdrv.obj</name>
      </input_file>
      <input_file id="fl-48">
         <path>/home/milan/ti/ccsv6/tools/compiler/c5500_4.4.1/lib/</path>
         <kind>archive</kind>
         <file>rts55x.lib</file>
         <name>trgmsg.obj</name>
      </input_file>
      <input_file id="fl-49">
         <path>/home/milan/ti/ccsv6/tools/compiler/c5500_4.4.1/lib/</path>
         <kind>archive</kind>
         <file>rts55x.lib</file>
         <name>udiv.obj</name>
      </input_file>
      <input_file id="fl-4a">
         <path>/home/milan/ti/ccsv6/tools/compiler/c5500_4.4.1/lib/</path>
         <kind>archive</kind>
         <file>rts55x.lib</file>
         <name>_io_perm.obj</name>
      </input_file>
      <input_file id="fl-4b">
         <path>/home/milan/ti/ccsv6/tools/compiler/c5500_4.4.1/lib/</path>
         <kind>archive</kind>
         <file>rts55x.lib</file>
         <name>divli.obj</name>
      </input_file>
      <input_file id="fl-4c">
         <path>/home/milan/ti/ccsv6/tools/compiler/c5500_4.4.1/lib/</path>
         <kind>archive</kind>
         <file>rts55x.lib</file>
         <name>fflush.obj</name>
      </input_file>
      <input_file id="fl-4d">
         <path>/home/milan/ti/ccsv6/tools/compiler/c5500_4.4.1/lib/</path>
         <kind>archive</kind>
         <file>rts55x.lib</file>
         <name>fseek.obj</name>
      </input_file>
      <input_file id="fl-4e">
         <path>/home/milan/ti/ccsv6/tools/compiler/c5500_4.4.1/lib/</path>
         <kind>archive</kind>
         <file>rts55x.lib</file>
         <name>setvbuf.obj</name>
      </input_file>
      <input_file id="fl-4f">
         <path>/home/milan/ti/ccsv6/tools/compiler/c5500_4.4.1/lib/</path>
         <kind>archive</kind>
         <file>rts55x.lib</file>
         <name>fopen.obj</name>
      </input_file>
      <input_file id="fl-50">
         <path>/home/milan/ti/ccsv6/tools/compiler/c5500_4.4.1/lib/</path>
         <kind>archive</kind>
         <file>rts55x.lib</file>
         <name>memory.obj</name>
      </input_file>
      <input_file id="fl-51">
         <path>/home/milan/ti/ccsv6/tools/compiler/c5500_4.4.1/lib/</path>
         <kind>archive</kind>
         <file>rts55x.lib</file>
         <name>fclose.obj</name>
      </input_file>
      <input_file id="fl-52">
         <path>/home/milan/ti/ccsv6/tools/compiler/c5500_4.4.1/lib/</path>
         <kind>archive</kind>
         <file>rts55x.lib</file>
         <name>remove.obj</name>
      </input_file>
      <input_file id="fl-53">
         <path>../c55xx_csl/lib/</path>
         <kind>archive</kind>
         <file>cslVC5505.lib</file>
         <name>csl_sar.obj</name>
      </input_file>
      <input_file id="fl-54">
         <path>../c55xx_csl/lib/</path>
         <kind>archive</kind>
         <file>cslVC5505.lib</file>
         <name>csl_i2c.obj</name>
      </input_file>
      <input_file id="fl-55">
         <path>../c55xx_csl/lib/</path>
         <kind>archive</kind>
         <file>cslVC5505.lib</file>
         <name>csl_gpio.obj</name>
      </input_file>
   </input_file_list>
   <object_component_list>
      <object_component id="oc-e1">
         <name>.text</name>
         <load_address>0x20000</load_address>
         <run_address>0x20000</run_address>
         <size>0x15a4</size>
         <input_file_ref idref="fl-32"/>
      </object_component>
      <object_component id="oc-177">
         <name>.text</name>
         <load_address>0x215a4</load_address>
         <run_address>0x215a4</run_address>
         <size>0xc3c</size>
         <input_file_ref idref="fl-54"/>
      </object_component>
      <object_component id="oc-172">
         <name>.text</name>
         <load_address>0x221e0</load_address>
         <run_address>0x221e0</run_address>
         <size>0xb18</size>
         <input_file_ref idref="fl-53"/>
      </object_component>
      <object_component id="oc-4f">
         <name>.text</name>
         <load_address>0x22cf8</load_address>
         <run_address>0x22cf8</run_address>
         <size>0x9f3</size>
         <input_file_ref idref="fl-14"/>
      </object_component>
      <object_component id="oc-38">
         <name>.text</name>
         <load_address>0x236eb</load_address>
         <run_address>0x236eb</run_address>
         <size>0x7bb</size>
         <input_file_ref idref="fl-8"/>
      </object_component>
      <object_component id="oc-17d">
         <name>.text</name>
         <load_address>0x23ea6</load_address>
         <run_address>0x23ea6</run_address>
         <size>0x68d</size>
         <input_file_ref idref="fl-55"/>
      </object_component>
      <object_component id="oc-18">
         <name>.text</name>
         <load_address>0x24533</load_address>
         <run_address>0x24533</run_address>
         <size>0x5b5</size>
         <input_file_ref idref="fl-3"/>
      </object_component>
      <object_component id="oc-49">
         <name>.text</name>
         <load_address>0x24ae8</load_address>
         <run_address>0x24ae8</run_address>
         <size>0x554</size>
         <input_file_ref idref="fl-13"/>
      </object_component>
      <object_component id="oc-120">
         <name>.text</name>
         <load_address>0x2503c</load_address>
         <run_address>0x2503c</run_address>
         <size>0x543</size>
         <input_file_ref idref="fl-41"/>
      </object_component>
      <object_component id="oc-13a">
         <name>.text</name>
         <load_address>0x2557f</load_address>
         <run_address>0x2557f</run_address>
         <size>0x528</size>
         <input_file_ref idref="fl-47"/>
      </object_component>
      <object_component id="oc-163">
         <name>.text</name>
         <load_address>0x25aa7</load_address>
         <run_address>0x25aa7</run_address>
         <size>0x4b5</size>
         <input_file_ref idref="fl-50"/>
      </object_component>
      <object_component id="oc-8b">
         <name>.text</name>
         <load_address>0x25f5c</load_address>
         <run_address>0x25f5c</run_address>
         <size>0x3cc</size>
         <input_file_ref idref="fl-1f"/>
      </object_component>
      <object_component id="oc-1e">
         <name>.text</name>
         <load_address>0x26328</load_address>
         <run_address>0x26328</run_address>
         <size>0x31b</size>
         <input_file_ref idref="fl-4"/>
      </object_component>
      <object_component id="oc-32">
         <name>.text</name>
         <load_address>0x26643</load_address>
         <run_address>0x26643</run_address>
         <size>0x2d2</size>
         <input_file_ref idref="fl-7"/>
      </object_component>
      <object_component id="oc-15d">
         <name>.text</name>
         <load_address>0x26915</load_address>
         <run_address>0x26915</run_address>
         <size>0x27f</size>
         <input_file_ref idref="fl-4f"/>
      </object_component>
      <object_component id="oc-11c">
         <name>.text</name>
         <load_address>0x26b94</load_address>
         <run_address>0x26b94</run_address>
         <size>0x25e</size>
         <input_file_ref idref="fl-40"/>
      </object_component>
      <object_component id="oc-78">
         <name>.text</name>
         <load_address>0x26df2</load_address>
         <run_address>0x26df2</run_address>
         <size>0x25a</size>
         <input_file_ref idref="fl-1b"/>
      </object_component>
      <object_component id="oc-84">
         <name>.text</name>
         <load_address>0x2704c</load_address>
         <run_address>0x2704c</run_address>
         <size>0x218</size>
         <input_file_ref idref="fl-1e"/>
      </object_component>
      <object_component id="oc-80">
         <name>.text</name>
         <load_address>0x27264</load_address>
         <run_address>0x27264</run_address>
         <size>0x1ea</size>
         <input_file_ref idref="fl-1d"/>
      </object_component>
      <object_component id="oc-5d">
         <name>.text</name>
         <load_address>0x2744e</load_address>
         <run_address>0x2744e</run_address>
         <size>0x192</size>
         <input_file_ref idref="fl-16"/>
      </object_component>
      <object_component id="oc-56">
         <name>.text</name>
         <load_address>0x275e0</load_address>
         <run_address>0x275e0</run_address>
         <size>0x17a</size>
         <input_file_ref idref="fl-15"/>
      </object_component>
      <object_component id="oc-105">
         <name>.text</name>
         <load_address>0x2775a</load_address>
         <run_address>0x2775a</run_address>
         <size>0x163</size>
         <input_file_ref idref="fl-3b"/>
      </object_component>
      <object_component id="oc-b8">
         <name>.text</name>
         <load_address>0x278bd</load_address>
         <run_address>0x278bd</run_address>
         <size>0x14c</size>
         <input_file_ref idref="fl-29"/>
      </object_component>
      <object_component id="oc-2a">
         <name>.text</name>
         <load_address>0x27a09</load_address>
         <run_address>0x27a09</run_address>
         <size>0x12a</size>
         <input_file_ref idref="fl-6"/>
      </object_component>
      <object_component id="oc-25">
         <name>.text</name>
         <load_address>0x27b33</load_address>
         <run_address>0x27b33</run_address>
         <size>0x120</size>
         <input_file_ref idref="fl-5"/>
      </object_component>
      <object_component id="oc-c9">
         <name>.text</name>
         <load_address>0x27c53</load_address>
         <run_address>0x27c53</run_address>
         <size>0x116</size>
         <input_file_ref idref="fl-2d"/>
      </object_component>
      <object_component id="oc-62">
         <name>.text</name>
         <load_address>0x27d69</load_address>
         <run_address>0x27d69</run_address>
         <size>0x107</size>
         <input_file_ref idref="fl-17"/>
      </object_component>
      <object_component id="oc-117">
         <name>.text</name>
         <load_address>0x27e70</load_address>
         <run_address>0x27e70</run_address>
         <size>0xf2</size>
         <input_file_ref idref="fl-3f"/>
      </object_component>
      <object_component id="oc-159">
         <name>.text</name>
         <load_address>0x27f62</load_address>
         <run_address>0x27f62</run_address>
         <size>0xe6</size>
         <input_file_ref idref="fl-4e"/>
      </object_component>
      <object_component id="oc-149">
         <name>.text</name>
         <load_address>0x28048</load_address>
         <run_address>0x28048</run_address>
         <size>0xdd</size>
         <input_file_ref idref="fl-4a"/>
      </object_component>
      <object_component id="oc-21">
         <name>.text:retain</name>
         <load_address>0x28125</load_address>
         <run_address>0x28125</run_address>
         <size>0xcc</size>
         <input_file_ref idref="fl-4"/>
      </object_component>
      <object_component id="oc-10e">
         <name>.text</name>
         <load_address>0x281f1</load_address>
         <run_address>0x281f1</run_address>
         <size>0xcc</size>
         <input_file_ref idref="fl-3d"/>
      </object_component>
      <object_component id="oc-12">
         <name>.text</name>
         <load_address>0x282bd</load_address>
         <run_address>0x282bd</run_address>
         <size>0xc3</size>
         <input_file_ref idref="fl-2"/>
      </object_component>
      <object_component id="oc-151">
         <name>.text</name>
         <load_address>0x28380</load_address>
         <run_address>0x28380</run_address>
         <size>0xc2</size>
         <input_file_ref idref="fl-4c"/>
      </object_component>
      <object_component id="oc-b3">
         <name>.text</name>
         <load_address>0x28442</load_address>
         <run_address>0x28442</run_address>
         <size>0xbf</size>
         <input_file_ref idref="fl-28"/>
      </object_component>
      <object_component id="oc-142">
         <name>.text:CIO_breakpoint</name>
         <load_address>0x28501</load_address>
         <run_address>0x28501</run_address>
         <size>0xba</size>
         <input_file_ref idref="fl-48"/>
      </object_component>
      <object_component id="oc-101">
         <name>.text</name>
         <load_address>0x285bb</load_address>
         <run_address>0x285bb</run_address>
         <size>0xa6</size>
         <input_file_ref idref="fl-3a"/>
      </object_component>
      <object_component id="oc-f9">
         <name>.text</name>
         <load_address>0x28661</load_address>
         <run_address>0x28661</run_address>
         <size>0xa1</size>
         <input_file_ref idref="fl-38"/>
      </object_component>
      <object_component id="oc-68">
         <name>.text</name>
         <load_address>0x28702</load_address>
         <run_address>0x28702</run_address>
         <size>0x8e</size>
         <input_file_ref idref="fl-18"/>
      </object_component>
      <object_component id="oc-45">
         <name>.text</name>
         <load_address>0x28790</load_address>
         <run_address>0x28790</run_address>
         <size>0x8c</size>
         <input_file_ref idref="fl-12"/>
      </object_component>
      <object_component id="oc-6d">
         <name>.text</name>
         <load_address>0x2881c</load_address>
         <run_address>0x2881c</run_address>
         <size>0x87</size>
         <input_file_ref idref="fl-19"/>
      </object_component>
      <object_component id="oc-126">
         <name>.text</name>
         <load_address>0x288a3</load_address>
         <run_address>0x288a3</run_address>
         <size>0x7d</size>
         <input_file_ref idref="fl-42"/>
      </object_component>
      <object_component id="oc-16a">
         <name>.text</name>
         <load_address>0x28920</load_address>
         <run_address>0x28920</run_address>
         <size>0x7b</size>
         <input_file_ref idref="fl-51"/>
      </object_component>
      <object_component id="oc-10a">
         <name>.text</name>
         <load_address>0x2899b</load_address>
         <run_address>0x2899b</run_address>
         <size>0x76</size>
         <input_file_ref idref="fl-3c"/>
      </object_component>
      <object_component id="oc-a7">
         <name>.text</name>
         <load_address>0x28a11</load_address>
         <run_address>0x28a11</run_address>
         <size>0x73</size>
         <input_file_ref idref="fl-25"/>
      </object_component>
      <object_component id="oc-136">
         <name>.text</name>
         <load_address>0x28a84</load_address>
         <run_address>0x28a84</run_address>
         <size>0x72</size>
         <input_file_ref idref="fl-46"/>
      </object_component>
      <object_component id="oc-9a">
         <name>.text</name>
         <load_address>0x28af6</load_address>
         <run_address>0x28af6</run_address>
         <size>0x6f</size>
         <input_file_ref idref="fl-22"/>
      </object_component>
      <object_component id="oc-40">
         <name>.text</name>
         <load_address>0x28b65</load_address>
         <run_address>0x28b65</run_address>
         <size>0x6d</size>
         <input_file_ref idref="fl-11"/>
      </object_component>
      <object_component id="oc-13f">
         <name>.text</name>
         <load_address>0x28bd2</load_address>
         <run_address>0x28bd2</run_address>
         <size>0x6d</size>
         <input_file_ref idref="fl-48"/>
      </object_component>
      <object_component id="oc-155">
         <name>.text</name>
         <load_address>0x28c3f</load_address>
         <run_address>0x28c3f</run_address>
         <size>0x6b</size>
         <input_file_ref idref="fl-4d"/>
      </object_component>
      <object_component id="oc-a2">
         <name>.text</name>
         <load_address>0x28caa</load_address>
         <run_address>0x28caa</run_address>
         <size>0x67</size>
         <input_file_ref idref="fl-24"/>
      </object_component>
      <object_component id="oc-c4">
         <name>.text</name>
         <load_address>0x28d11</load_address>
         <run_address>0x28d11</run_address>
         <size>0x5f</size>
         <input_file_ref idref="fl-2c"/>
      </object_component>
      <object_component id="oc-eb">
         <name>.text</name>
         <load_address>0x28d70</load_address>
         <run_address>0x28d70</run_address>
         <size>0x5c</size>
         <input_file_ref idref="fl-34"/>
      </object_component>
      <object_component id="oc-73">
         <name>.text</name>
         <load_address>0x28dcc</load_address>
         <run_address>0x28dcc</run_address>
         <size>0x54</size>
         <input_file_ref idref="fl-1a"/>
      </object_component>
      <object_component id="oc-c0">
         <name>.text</name>
         <load_address>0x28e20</load_address>
         <run_address>0x28e20</run_address>
         <size>0x50</size>
         <input_file_ref idref="fl-2b"/>
      </object_component>
      <object_component id="oc-ef">
         <name>.text</name>
         <load_address>0x28e70</load_address>
         <run_address>0x28e70</run_address>
         <size>0x4d</size>
         <input_file_ref idref="fl-35"/>
      </object_component>
      <object_component id="oc-e7">
         <name>.text</name>
         <load_address>0x28ebd</load_address>
         <run_address>0x28ebd</run_address>
         <size>0x4b</size>
         <input_file_ref idref="fl-33"/>
      </object_component>
      <object_component id="oc-132">
         <name>.text</name>
         <load_address>0x28f08</load_address>
         <run_address>0x28f08</run_address>
         <size>0x4b</size>
         <input_file_ref idref="fl-45"/>
      </object_component>
      <object_component id="oc-14d">
         <name>.text</name>
         <load_address>0x28f53</load_address>
         <run_address>0x28f53</run_address>
         <size>0x48</size>
         <input_file_ref idref="fl-4b"/>
      </object_component>
      <object_component id="oc-d2">
         <name>.text</name>
         <load_address>0x28f9b</load_address>
         <run_address>0x28f9b</run_address>
         <size>0x41</size>
         <input_file_ref idref="fl-2f"/>
      </object_component>
      <object_component id="oc-12e">
         <name>.text</name>
         <load_address>0x28fdc</load_address>
         <run_address>0x28fdc</run_address>
         <size>0x3f</size>
         <input_file_ref idref="fl-44"/>
      </object_component>
      <object_component id="oc-8f">
         <name>.text</name>
         <load_address>0x2901b</load_address>
         <run_address>0x2901b</run_address>
         <size>0x3e</size>
         <input_file_ref idref="fl-20"/>
      </object_component>
      <object_component id="oc-10">
         <name>.text</name>
         <load_address>0x29059</load_address>
         <run_address>0x29059</run_address>
         <size>0x34</size>
         <input_file_ref idref="fl-1c"/>
      </object_component>
      <object_component id="oc-96">
         <name>.text</name>
         <load_address>0x2908d</load_address>
         <run_address>0x2908d</run_address>
         <size>0x2a</size>
         <input_file_ref idref="fl-21"/>
      </object_component>
      <object_component id="oc-145">
         <name>.text</name>
         <load_address>0x290b7</load_address>
         <run_address>0x290b7</run_address>
         <size>0x2a</size>
         <input_file_ref idref="fl-49"/>
      </object_component>
      <object_component id="oc-12a">
         <name>.text</name>
         <load_address>0x290e1</load_address>
         <run_address>0x290e1</run_address>
         <size>0x23</size>
         <input_file_ref idref="fl-43"/>
      </object_component>
      <object_component id="oc-113">
         <name>.text</name>
         <load_address>0x29104</load_address>
         <run_address>0x29104</run_address>
         <size>0x1a</size>
         <input_file_ref idref="fl-3e"/>
      </object_component>
      <object_component id="oc-ce">
         <name>.text</name>
         <load_address>0x2911e</load_address>
         <run_address>0x2911e</run_address>
         <size>0x14</size>
         <input_file_ref idref="fl-2e"/>
      </object_component>
      <object_component id="oc-ab">
         <name>.text</name>
         <load_address>0x29132</load_address>
         <run_address>0x29132</run_address>
         <size>0x13</size>
         <input_file_ref idref="fl-26"/>
      </object_component>
      <object_component id="oc-db">
         <name>.text</name>
         <load_address>0x29145</load_address>
         <run_address>0x29145</run_address>
         <size>0x12</size>
         <input_file_ref idref="fl-31"/>
      </object_component>
      <object_component id="oc-af">
         <name>.text</name>
         <load_address>0x29157</load_address>
         <run_address>0x29157</run_address>
         <size>0x11</size>
         <input_file_ref idref="fl-27"/>
      </object_component>
      <object_component id="oc-bc">
         <name>.text</name>
         <load_address>0x29168</load_address>
         <run_address>0x29168</run_address>
         <size>0x10</size>
         <input_file_ref idref="fl-2a"/>
      </object_component>
      <object_component id="oc-9e">
         <name>.text</name>
         <load_address>0x29178</load_address>
         <run_address>0x29178</run_address>
         <size>0xc</size>
         <input_file_ref idref="fl-23"/>
      </object_component>
      <object_component id="oc-16e">
         <name>.text</name>
         <load_address>0x29184</load_address>
         <run_address>0x29184</run_address>
         <size>0xa</size>
         <input_file_ref idref="fl-52"/>
      </object_component>
      <object_component id="oc-93">
         <name>.text:CIO_breakpoint</name>
         <load_address>0x2918e</load_address>
         <run_address>0x2918e</run_address>
         <size>0x7</size>
         <input_file_ref idref="fl-20"/>
      </object_component>
      <object_component id="oc-d7">
         <name>.text</name>
         <load_address>0x29195</load_address>
         <run_address>0x29195</run_address>
         <size>0x2</size>
         <input_file_ref idref="fl-30"/>
      </object_component>
      <object_component id="oc-7c">
         <name>.stack</name>
         <uninitialized>true</uninitialized>
         <run_address>0xc0</run_address>
         <size>0x0</size>
         <input_file_ref idref="fl-1c"/>
      </object_component>
      <object_component id="oc-19e">
         <name>.stack</name>
         <uninitialized>true</uninitialized>
         <run_address>0xc0</run_address>
         <size>0x0</size>
      </object_component>
      <object_component id="oc-182">
         <name>.sysstack</name>
         <uninitialized>true</uninitialized>
         <run_address>0x20c0</run_address>
         <size>0x0</size>
         <input_file_ref idref="fl-1c"/>
      </object_component>
      <object_component id="oc-1a0">
         <name>.sysstack</name>
         <uninitialized>true</uninitialized>
         <run_address>0x20c0</run_address>
         <size>0x0</size>
      </object_component>
      <object_component id="oc-1f">
         <name>.bss</name>
         <uninitialized>true</uninitialized>
         <run_address>0x50c0</run_address>
         <size>0x810</size>
         <input_file_ref idref="fl-4"/>
      </object_component>
      <object_component id="oc-2b">
         <name>.bss</name>
         <uninitialized>true</uninitialized>
         <run_address>0x58d0</run_address>
         <size>0x446</size>
         <input_file_ref idref="fl-6"/>
      </object_component>
      <object_component id="oc-fd">
         <name>.bss</name>
         <uninitialized>true</uninitialized>
         <run_address>0x5d16</run_address>
         <size>0x2</size>
         <input_file_ref idref="fl-39"/>
      </object_component>
      <object_component id="oc-39">
         <name>.bss</name>
         <uninitialized>true</uninitialized>
         <run_address>0x5d18</run_address>
         <size>0x368</size>
         <input_file_ref idref="fl-8"/>
      </object_component>
      <object_component id="oc-f5">
         <name>.bss</name>
         <uninitialized>true</uninitialized>
         <run_address>0x6080</run_address>
         <size>0x232</size>
         <input_file_ref idref="fl-37"/>
      </object_component>
      <object_component id="oc-13b">
         <name>.bss</name>
         <uninitialized>true</uninitialized>
         <run_address>0x62b2</run_address>
         <size>0x1a0</size>
         <input_file_ref idref="fl-47"/>
      </object_component>
      <object_component id="oc-15e">
         <name>.bss</name>
         <uninitialized>true</uninitialized>
         <run_address>0x6452</run_address>
         <size>0x2</size>
         <input_file_ref idref="fl-4f"/>
      </object_component>
      <object_component id="oc-4a">
         <name>.bss</name>
         <uninitialized>true</uninitialized>
         <run_address>0x6454</run_address>
         <size>0x108</size>
         <input_file_ref idref="fl-13"/>
      </object_component>
      <object_component id="oc-121">
         <name>.bss</name>
         <uninitialized>true</uninitialized>
         <run_address>0x655c</run_address>
         <size>0xe2</size>
         <input_file_ref idref="fl-41"/>
      </object_component>
      <object_component id="oc-50">
         <name>.bss</name>
         <uninitialized>true</uninitialized>
         <run_address>0x663e</run_address>
         <size>0x54</size>
         <input_file_ref idref="fl-14"/>
      </object_component>
      <object_component id="oc-178">
         <name>.bss</name>
         <uninitialized>true</uninitialized>
         <run_address>0x6694</run_address>
         <size>0x24</size>
         <input_file_ref idref="fl-54"/>
      </object_component>
      <object_component id="oc-57">
         <name>.bss</name>
         <uninitialized>true</uninitialized>
         <run_address>0x66b8</run_address>
         <size>0x10</size>
         <input_file_ref idref="fl-15"/>
      </object_component>
      <object_component id="oc-85">
         <name>.bss</name>
         <uninitialized>true</uninitialized>
         <run_address>0x66c8</run_address>
         <size>0x10</size>
         <input_file_ref idref="fl-1e"/>
      </object_component>
      <object_component id="oc-164">
         <name>.bss</name>
         <uninitialized>true</uninitialized>
         <run_address>0x66d8</run_address>
         <size>0xc</size>
         <input_file_ref idref="fl-50"/>
      </object_component>
      <object_component id="oc-6e">
         <name>.bss</name>
         <uninitialized>true</uninitialized>
         <run_address>0x66e4</run_address>
         <size>0x8</size>
         <input_file_ref idref="fl-19"/>
      </object_component>
      <object_component id="oc-dc">
         <name>.bss</name>
         <uninitialized>true</uninitialized>
         <run_address>0x66ec</run_address>
         <size>0x8</size>
         <input_file_ref idref="fl-31"/>
      </object_component>
      <object_component id="oc-90">
         <name>.bss</name>
         <uninitialized>true</uninitialized>
         <run_address>0x66f4</run_address>
         <size>0x8</size>
         <input_file_ref idref="fl-20"/>
      </object_component>
      <object_component id="oc-13">
         <name>.bss</name>
         <uninitialized>true</uninitialized>
         <run_address>0x66fc</run_address>
         <size>0x4</size>
         <input_file_ref idref="fl-2"/>
      </object_component>
      <object_component id="oc-63">
         <name>.bss</name>
         <uninitialized>true</uninitialized>
         <run_address>0x6700</run_address>
         <size>0x4</size>
         <input_file_ref idref="fl-17"/>
      </object_component>
      <object_component id="oc-1a">
         <name>.const:.string</name>
         <load_address>0x6704</load_address>
         <run_address>0x6704</run_address>
         <size>0x2e8</size>
         <input_file_ref idref="fl-3"/>
      </object_component>
      <object_component id="oc-186">
         <name>.const:__ctypes_</name>
         <load_address>0x69ec</load_address>
         <run_address>0x69ec</run_address>
         <size>0x202</size>
         <input_file_ref idref="fl-36"/>
      </object_component>
      <object_component id="oc-184">
         <name>.const:_consolas_8ptBitmaps</name>
         <load_address>0x6bee</load_address>
         <run_address>0x6bee</run_address>
         <size>0xc0</size>
         <input_file_ref idref="fl-7"/>
      </object_component>
      <object_component id="oc-34">
         <name>.const</name>
         <load_address>0x6cae</load_address>
         <run_address>0x6cae</run_address>
         <size>0x2</size>
         <input_file_ref idref="fl-7"/>
      </object_component>
      <object_component id="oc-e4">
         <name>.const:.string</name>
         <load_address>0x6cb0</load_address>
         <run_address>0x6cb0</run_address>
         <size>0x48</size>
         <input_file_ref idref="fl-32"/>
      </object_component>
      <object_component id="oc-2e">
         <name>.const:.string</name>
         <load_address>0x6cf8</load_address>
         <run_address>0x6cf8</run_address>
         <size>0x3e</size>
         <input_file_ref idref="fl-6"/>
      </object_component>
      <object_component id="oc-3c">
         <name>.const</name>
         <load_address>0x6d38</load_address>
         <run_address>0x6d38</run_address>
         <size>0x2c</size>
         <input_file_ref idref="fl-8"/>
      </object_component>
      <object_component id="oc-88">
         <name>.const</name>
         <load_address>0x6d64</load_address>
         <run_address>0x6d64</run_address>
         <size>0x2c</size>
         <input_file_ref idref="fl-1e"/>
      </object_component>
      <object_component id="oc-e3">
         <name>.const</name>
         <load_address>0x6d90</load_address>
         <run_address>0x6d90</run_address>
         <size>0x18</size>
         <input_file_ref idref="fl-32"/>
      </object_component>
      <object_component id="oc-119">
         <name>.const</name>
         <load_address>0x6da8</load_address>
         <run_address>0x6da8</run_address>
         <size>0x14</size>
         <input_file_ref idref="fl-3f"/>
      </object_component>
      <object_component id="oc-cb">
         <name>.const</name>
         <load_address>0x6dbc</load_address>
         <run_address>0x6dbc</run_address>
         <size>0x14</size>
         <input_file_ref idref="fl-2d"/>
      </object_component>
      <object_component id="oc-185">
         <name>.const:_initial_approx$1</name>
         <load_address>0x6dd0</load_address>
         <run_address>0x6dd0</run_address>
         <size>0x10</size>
         <input_file_ref idref="fl-1f"/>
      </object_component>
      <object_component id="oc-110">
         <name>.const</name>
         <load_address>0x6de0</load_address>
         <run_address>0x6de0</run_address>
         <size>0x10</size>
         <input_file_ref idref="fl-3d"/>
      </object_component>
      <object_component id="oc-c6">
         <name>.const</name>
         <load_address>0x6df0</load_address>
         <run_address>0x6df0</run_address>
         <size>0x10</size>
         <input_file_ref idref="fl-2c"/>
      </object_component>
      <object_component id="oc-b5">
         <name>.const</name>
         <load_address>0x6e00</load_address>
         <run_address>0x6e00</run_address>
         <size>0xc</size>
         <input_file_ref idref="fl-28"/>
      </object_component>
      <object_component id="oc-d4">
         <name>.const</name>
         <load_address>0x6e0c</load_address>
         <run_address>0x6e0c</run_address>
         <size>0x8</size>
         <input_file_ref idref="fl-2f"/>
      </object_component>
      <object_component id="oc-107">
         <name>.const:.string</name>
         <load_address>0x6e14</load_address>
         <run_address>0x6e14</run_address>
         <size>0x4</size>
         <input_file_ref idref="fl-3b"/>
      </object_component>
      <object_component id="oc-a4">
         <name>.const</name>
         <load_address>0x6e18</load_address>
         <run_address>0x6e18</run_address>
         <size>0x4</size>
         <input_file_ref idref="fl-24"/>
      </object_component>
      <object_component id="oc-167">
         <name>.sysmem</name>
         <uninitialized>true</uninitialized>
         <run_address>0x30c0</run_address>
         <size>0x0</size>
         <input_file_ref idref="fl-50"/>
      </object_component>
      <object_component id="oc-19f">
         <name>.sysmem</name>
         <uninitialized>true</uninitialized>
         <run_address>0x30c0</run_address>
         <size>0x0</size>
      </object_component>
      <object_component id="oc-183">
         <name>.switch:_printChar</name>
         <load_address>0x40410</load_address>
         <run_address>0x40410</run_address>
         <size>0x28</size>
         <input_file_ref idref="fl-7"/>
      </object_component>
      <object_component id="oc-2d">
         <name>.cinit</name>
         <load_address>0x40240</load_address>
         <run_address>0x40240</run_address>
         <size>0x62</size>
         <input_file_ref idref="fl-6"/>
      </object_component>
      <object_component id="oc-123">
         <name>.cinit</name>
         <load_address>0x402a2</load_address>
         <run_address>0x402a2</run_address>
         <size>0x5a</size>
         <input_file_ref idref="fl-41"/>
      </object_component>
      <object_component id="oc-f7">
         <name>.cinit</name>
         <load_address>0x402fc</load_address>
         <run_address>0x402fc</run_address>
         <size>0x54</size>
         <input_file_ref idref="fl-37"/>
      </object_component>
      <object_component id="oc-3b">
         <name>.cinit</name>
         <load_address>0x40350</load_address>
         <run_address>0x40350</run_address>
         <size>0x40</size>
         <input_file_ref idref="fl-8"/>
      </object_component>
      <object_component id="oc-59">
         <name>.cinit</name>
         <load_address>0x40390</load_address>
         <run_address>0x40390</run_address>
         <size>0x18</size>
         <input_file_ref idref="fl-15"/>
      </object_component>
      <object_component id="oc-87">
         <name>.cinit</name>
         <load_address>0x403a8</load_address>
         <run_address>0x403a8</run_address>
         <size>0x16</size>
         <input_file_ref idref="fl-1e"/>
      </object_component>
      <object_component id="oc-de">
         <name>.cinit</name>
         <load_address>0x403be</load_address>
         <run_address>0x403be</run_address>
         <size>0x14</size>
         <input_file_ref idref="fl-31"/>
      </object_component>
      <object_component id="oc-92">
         <name>.cinit</name>
         <load_address>0x403d2</load_address>
         <run_address>0x403d2</run_address>
         <size>0x14</size>
         <input_file_ref idref="fl-20"/>
      </object_component>
      <object_component id="oc-52">
         <name>.cinit</name>
         <load_address>0x403e6</load_address>
         <run_address>0x403e6</run_address>
         <size>0x10</size>
         <input_file_ref idref="fl-14"/>
      </object_component>
      <object_component id="oc-ff">
         <name>.cinit</name>
         <load_address>0x403f6</load_address>
         <run_address>0x403f6</run_address>
         <size>0x8</size>
         <input_file_ref idref="fl-39"/>
      </object_component>
      <object_component id="oc-160">
         <name>.cinit</name>
         <load_address>0x403fe</load_address>
         <run_address>0x403fe</run_address>
         <size>0x8</size>
         <input_file_ref idref="fl-4f"/>
      </object_component>
      <object_component id="oc-166">
         <name>.cinit</name>
         <load_address>0x40406</load_address>
         <run_address>0x40406</run_address>
         <size>0x8</size>
         <input_file_ref idref="fl-50"/>
      </object_component>
      <object_component id="oc-141">
         <name>.cio</name>
         <uninitialized>true</uninitialized>
         <run_address>0x40000</run_address>
         <size>0x240</size>
         <input_file_ref idref="fl-48"/>
      </object_component>
      <object_component id="oc-41">
         <name>vectors</name>
         <load_address>0x4fe00</load_address>
         <run_address>0x4fe00</run_address>
         <size>0x100</size>
         <input_file_ref idref="fl-11"/>
      </object_component>
      <object_component id="oc-11">
         <name>vectors</name>
         <load_address>0x4ff00</load_address>
         <run_address>0x4ff00</run_address>
         <size>0x100</size>
         <input_file_ref idref="fl-30"/>
      </object_component>
      <object_component id="oc-14">
         <name>.debug_info</name>
         <load_address>0x0</load_address>
         <run_address>0x0</run_address>
         <size>0xc81</size>
         <input_file_ref idref="fl-2"/>
      </object_component>
      <object_component id="oc-19">
         <name>.debug_info</name>
         <load_address>0xc81</load_address>
         <run_address>0xc81</run_address>
         <size>0x1bd8</size>
         <input_file_ref idref="fl-3"/>
      </object_component>
      <object_component id="oc-20">
         <name>.debug_info</name>
         <load_address>0x2859</load_address>
         <run_address>0x2859</run_address>
         <size>0xfe7</size>
         <input_file_ref idref="fl-4"/>
      </object_component>
      <object_component id="oc-26">
         <name>.debug_info</name>
         <load_address>0x3840</load_address>
         <run_address>0x3840</run_address>
         <size>0x6dc</size>
         <input_file_ref idref="fl-5"/>
      </object_component>
      <object_component id="oc-2c">
         <name>.debug_info</name>
         <load_address>0x3f1c</load_address>
         <run_address>0x3f1c</run_address>
         <size>0xbc1</size>
         <input_file_ref idref="fl-6"/>
      </object_component>
      <object_component id="oc-33">
         <name>.debug_info</name>
         <load_address>0x4add</load_address>
         <run_address>0x4add</run_address>
         <size>0xc44</size>
         <input_file_ref idref="fl-7"/>
      </object_component>
      <object_component id="oc-3a">
         <name>.debug_info</name>
         <load_address>0x5721</load_address>
         <run_address>0x5721</run_address>
         <size>0x15b5</size>
         <input_file_ref idref="fl-8"/>
      </object_component>
      <object_component id="oc-42">
         <name>.debug_info</name>
         <load_address>0x6cd6</load_address>
         <run_address>0x6cd6</run_address>
         <size>0x1a4</size>
         <input_file_ref idref="fl-11"/>
      </object_component>
      <object_component id="oc-46">
         <name>.debug_info</name>
         <load_address>0x6e7a</load_address>
         <run_address>0x6e7a</run_address>
         <size>0x18e</size>
         <input_file_ref idref="fl-12"/>
      </object_component>
      <object_component id="oc-4b">
         <name>.debug_info</name>
         <load_address>0x7008</load_address>
         <run_address>0x7008</run_address>
         <size>0x6f61</size>
         <input_file_ref idref="fl-13"/>
      </object_component>
      <object_component id="oc-51">
         <name>.debug_info</name>
         <load_address>0xdf69</load_address>
         <run_address>0xdf69</run_address>
         <size>0x710f</size>
         <input_file_ref idref="fl-14"/>
      </object_component>
      <object_component id="oc-58">
         <name>.debug_info</name>
         <load_address>0x15078</load_address>
         <run_address>0x15078</run_address>
         <size>0x6384</size>
         <input_file_ref idref="fl-15"/>
      </object_component>
      <object_component id="oc-5e">
         <name>.debug_info</name>
         <load_address>0x1b3fc</load_address>
         <run_address>0x1b3fc</run_address>
         <size>0x5f6b</size>
         <input_file_ref idref="fl-16"/>
      </object_component>
      <object_component id="oc-64">
         <name>.debug_info</name>
         <load_address>0x21367</load_address>
         <run_address>0x21367</run_address>
         <size>0x6979</size>
         <input_file_ref idref="fl-17"/>
      </object_component>
      <object_component id="oc-69">
         <name>.debug_info</name>
         <load_address>0x27ce0</load_address>
         <run_address>0x27ce0</run_address>
         <size>0x65d7</size>
         <input_file_ref idref="fl-18"/>
      </object_component>
      <object_component id="oc-6f">
         <name>.debug_info</name>
         <load_address>0x2e2b7</load_address>
         <run_address>0x2e2b7</run_address>
         <size>0x63d2</size>
         <input_file_ref idref="fl-19"/>
      </object_component>
      <object_component id="oc-74">
         <name>.debug_info</name>
         <load_address>0x34689</load_address>
         <run_address>0x34689</run_address>
         <size>0x5896</size>
         <input_file_ref idref="fl-1a"/>
      </object_component>
      <object_component id="oc-79">
         <name>.debug_info</name>
         <load_address>0x39f1f</load_address>
         <run_address>0x39f1f</run_address>
         <size>0x5ab</size>
         <input_file_ref idref="fl-1b"/>
      </object_component>
      <object_component id="oc-7d">
         <name>.debug_info</name>
         <load_address>0x3a4ca</load_address>
         <run_address>0x3a4ca</run_address>
         <size>0xe8</size>
         <input_file_ref idref="fl-1c"/>
      </object_component>
      <object_component id="oc-81">
         <name>.debug_info</name>
         <load_address>0x3a5b2</load_address>
         <run_address>0x3a5b2</run_address>
         <size>0x81f</size>
         <input_file_ref idref="fl-1d"/>
      </object_component>
      <object_component id="oc-86">
         <name>.debug_info</name>
         <load_address>0x3add1</load_address>
         <run_address>0x3add1</run_address>
         <size>0x716</size>
         <input_file_ref idref="fl-1e"/>
      </object_component>
      <object_component id="oc-8c">
         <name>.debug_info</name>
         <load_address>0x3b4e7</load_address>
         <run_address>0x3b4e7</run_address>
         <size>0x7e8</size>
         <input_file_ref idref="fl-1f"/>
      </object_component>
      <object_component id="oc-91">
         <name>.debug_info</name>
         <load_address>0x3bccf</load_address>
         <run_address>0x3bccf</run_address>
         <size>0x5fb</size>
         <input_file_ref idref="fl-20"/>
      </object_component>
      <object_component id="oc-97">
         <name>.debug_info</name>
         <load_address>0x3c2ca</load_address>
         <run_address>0x3c2ca</run_address>
         <size>0x4cf</size>
         <input_file_ref idref="fl-21"/>
      </object_component>
      <object_component id="oc-9b">
         <name>.debug_info</name>
         <load_address>0x3c799</load_address>
         <run_address>0x3c799</run_address>
         <size>0x534</size>
         <input_file_ref idref="fl-22"/>
      </object_component>
      <object_component id="oc-9f">
         <name>.debug_info</name>
         <load_address>0x3cccd</load_address>
         <run_address>0x3cccd</run_address>
         <size>0x4cf</size>
         <input_file_ref idref="fl-23"/>
      </object_component>
      <object_component id="oc-a3">
         <name>.debug_info</name>
         <load_address>0x3d19c</load_address>
         <run_address>0x3d19c</run_address>
         <size>0x549</size>
         <input_file_ref idref="fl-24"/>
      </object_component>
      <object_component id="oc-a8">
         <name>.debug_info</name>
         <load_address>0x3d6e5</load_address>
         <run_address>0x3d6e5</run_address>
         <size>0x53e</size>
         <input_file_ref idref="fl-25"/>
      </object_component>
      <object_component id="oc-ac">
         <name>.debug_info</name>
         <load_address>0x3dc23</load_address>
         <run_address>0x3dc23</run_address>
         <size>0xbd</size>
         <input_file_ref idref="fl-26"/>
      </object_component>
      <object_component id="oc-b0">
         <name>.debug_info</name>
         <load_address>0x3dce0</load_address>
         <run_address>0x3dce0</run_address>
         <size>0x59d</size>
         <input_file_ref idref="fl-27"/>
      </object_component>
      <object_component id="oc-b4">
         <name>.debug_info</name>
         <load_address>0x3e27d</load_address>
         <run_address>0x3e27d</run_address>
         <size>0x50c</size>
         <input_file_ref idref="fl-28"/>
      </object_component>
      <object_component id="oc-b9">
         <name>.debug_info</name>
         <load_address>0x3e789</load_address>
         <run_address>0x3e789</run_address>
         <size>0x55b</size>
         <input_file_ref idref="fl-29"/>
      </object_component>
      <object_component id="oc-bd">
         <name>.debug_info</name>
         <load_address>0x3ece4</load_address>
         <run_address>0x3ece4</run_address>
         <size>0x4b7</size>
         <input_file_ref idref="fl-2a"/>
      </object_component>
      <object_component id="oc-c1">
         <name>.debug_info</name>
         <load_address>0x3f19b</load_address>
         <run_address>0x3f19b</run_address>
         <size>0x76c</size>
         <input_file_ref idref="fl-2b"/>
      </object_component>
      <object_component id="oc-c5">
         <name>.debug_info</name>
         <load_address>0x3f907</load_address>
         <run_address>0x3f907</run_address>
         <size>0x52e</size>
         <input_file_ref idref="fl-2c"/>
      </object_component>
      <object_component id="oc-ca">
         <name>.debug_info</name>
         <load_address>0x3fe35</load_address>
         <run_address>0x3fe35</run_address>
         <size>0x7fc</size>
         <input_file_ref idref="fl-2d"/>
      </object_component>
      <object_component id="oc-cf">
         <name>.debug_info</name>
         <load_address>0x40631</load_address>
         <run_address>0x40631</run_address>
         <size>0x4de</size>
         <input_file_ref idref="fl-2e"/>
      </object_component>
      <object_component id="oc-d3">
         <name>.debug_info</name>
         <load_address>0x40b0f</load_address>
         <run_address>0x40b0f</run_address>
         <size>0x521</size>
         <input_file_ref idref="fl-2f"/>
      </object_component>
      <object_component id="oc-d8">
         <name>.debug_info</name>
         <load_address>0x41030</load_address>
         <run_address>0x41030</run_address>
         <size>0xbc</size>
         <input_file_ref idref="fl-30"/>
      </object_component>
      <object_component id="oc-dd">
         <name>.debug_info</name>
         <load_address>0x410ec</load_address>
         <run_address>0x410ec</run_address>
         <size>0x5bc</size>
         <input_file_ref idref="fl-31"/>
      </object_component>
      <object_component id="oc-e2">
         <name>.debug_info</name>
         <load_address>0x416a8</load_address>
         <run_address>0x416a8</run_address>
         <size>0x27bd</size>
         <input_file_ref idref="fl-32"/>
      </object_component>
      <object_component id="oc-e8">
         <name>.debug_info</name>
         <load_address>0x43e65</load_address>
         <run_address>0x43e65</run_address>
         <size>0x586</size>
         <input_file_ref idref="fl-33"/>
      </object_component>
      <object_component id="oc-ec">
         <name>.debug_info</name>
         <load_address>0x443eb</load_address>
         <run_address>0x443eb</run_address>
         <size>0x5a4</size>
         <input_file_ref idref="fl-34"/>
      </object_component>
      <object_component id="oc-f0">
         <name>.debug_info</name>
         <load_address>0x4498f</load_address>
         <run_address>0x4498f</run_address>
         <size>0xcd</size>
         <input_file_ref idref="fl-35"/>
      </object_component>
      <object_component id="oc-f3">
         <name>.debug_info</name>
         <load_address>0x44a5c</load_address>
         <run_address>0x44a5c</run_address>
         <size>0x498</size>
         <input_file_ref idref="fl-36"/>
      </object_component>
      <object_component id="oc-f6">
         <name>.debug_info</name>
         <load_address>0x44ef4</load_address>
         <run_address>0x44ef4</run_address>
         <size>0x57e</size>
         <input_file_ref idref="fl-37"/>
      </object_component>
      <object_component id="oc-fa">
         <name>.debug_info</name>
         <load_address>0x45472</load_address>
         <run_address>0x45472</run_address>
         <size>0x534</size>
         <input_file_ref idref="fl-38"/>
      </object_component>
      <object_component id="oc-fe">
         <name>.debug_info</name>
         <load_address>0x459a6</load_address>
         <run_address>0x459a6</run_address>
         <size>0x47b</size>
         <input_file_ref idref="fl-39"/>
      </object_component>
      <object_component id="oc-102">
         <name>.debug_info</name>
         <load_address>0x45e21</load_address>
         <run_address>0x45e21</run_address>
         <size>0x6aa</size>
         <input_file_ref idref="fl-3a"/>
      </object_component>
      <object_component id="oc-106">
         <name>.debug_info</name>
         <load_address>0x464cb</load_address>
         <run_address>0x464cb</run_address>
         <size>0x942</size>
         <input_file_ref idref="fl-3b"/>
      </object_component>
      <object_component id="oc-10b">
         <name>.debug_info</name>
         <load_address>0x46e0d</load_address>
         <run_address>0x46e0d</run_address>
         <size>0x4d2</size>
         <input_file_ref idref="fl-3c"/>
      </object_component>
      <object_component id="oc-10f">
         <name>.debug_info</name>
         <load_address>0x472df</load_address>
         <run_address>0x472df</run_address>
         <size>0x518</size>
         <input_file_ref idref="fl-3d"/>
      </object_component>
      <object_component id="oc-114">
         <name>.debug_info</name>
         <load_address>0x477f7</load_address>
         <run_address>0x477f7</run_address>
         <size>0x680</size>
         <input_file_ref idref="fl-3e"/>
      </object_component>
      <object_component id="oc-118">
         <name>.debug_info</name>
         <load_address>0x47e77</load_address>
         <run_address>0x47e77</run_address>
         <size>0x50e</size>
         <input_file_ref idref="fl-3f"/>
      </object_component>
      <object_component id="oc-11d">
         <name>.debug_info</name>
         <load_address>0x48385</load_address>
         <run_address>0x48385</run_address>
         <size>0x7d4</size>
         <input_file_ref idref="fl-40"/>
      </object_component>
      <object_component id="oc-122">
         <name>.debug_info</name>
         <load_address>0x48b59</load_address>
         <run_address>0x48b59</run_address>
         <size>0x144b</size>
         <input_file_ref idref="fl-41"/>
      </object_component>
      <object_component id="oc-127">
         <name>.debug_info</name>
         <load_address>0x49fa4</load_address>
         <run_address>0x49fa4</run_address>
         <size>0x5ad</size>
         <input_file_ref idref="fl-42"/>
      </object_component>
      <object_component id="oc-12b">
         <name>.debug_info</name>
         <load_address>0x4a551</load_address>
         <run_address>0x4a551</run_address>
         <size>0x574</size>
         <input_file_ref idref="fl-43"/>
      </object_component>
      <object_component id="oc-12f">
         <name>.debug_info</name>
         <load_address>0x4aac5</load_address>
         <run_address>0x4aac5</run_address>
         <size>0xd1</size>
         <input_file_ref idref="fl-44"/>
      </object_component>
      <object_component id="oc-133">
         <name>.debug_info</name>
         <load_address>0x4ab96</load_address>
         <run_address>0x4ab96</run_address>
         <size>0x4f2</size>
         <input_file_ref idref="fl-45"/>
      </object_component>
      <object_component id="oc-137">
         <name>.debug_info</name>
         <load_address>0x4b088</load_address>
         <run_address>0x4b088</run_address>
         <size>0x534</size>
         <input_file_ref idref="fl-46"/>
      </object_component>
      <object_component id="oc-13c">
         <name>.debug_info</name>
         <load_address>0x4b5bc</load_address>
         <run_address>0x4b5bc</run_address>
         <size>0xed4</size>
         <input_file_ref idref="fl-47"/>
      </object_component>
      <object_component id="oc-140">
         <name>.debug_info</name>
         <load_address>0x4c490</load_address>
         <run_address>0x4c490</run_address>
         <size>0x744</size>
         <input_file_ref idref="fl-48"/>
      </object_component>
      <object_component id="oc-146">
         <name>.debug_info</name>
         <load_address>0x4cbd4</load_address>
         <run_address>0x4cbd4</run_address>
         <size>0xef</size>
         <input_file_ref idref="fl-49"/>
      </object_component>
      <object_component id="oc-14a">
         <name>.debug_info</name>
         <load_address>0x4ccc3</load_address>
         <run_address>0x4ccc3</run_address>
         <size>0x662</size>
         <input_file_ref idref="fl-4a"/>
      </object_component>
      <object_component id="oc-14e">
         <name>.debug_info</name>
         <load_address>0x4d325</load_address>
         <run_address>0x4d325</run_address>
         <size>0x4f2</size>
         <input_file_ref idref="fl-4b"/>
      </object_component>
      <object_component id="oc-152">
         <name>.debug_info</name>
         <load_address>0x4d817</load_address>
         <run_address>0x4d817</run_address>
         <size>0x706</size>
         <input_file_ref idref="fl-4c"/>
      </object_component>
      <object_component id="oc-156">
         <name>.debug_info</name>
         <load_address>0x4df1d</load_address>
         <run_address>0x4df1d</run_address>
         <size>0x5f7</size>
         <input_file_ref idref="fl-4d"/>
      </object_component>
      <object_component id="oc-15a">
         <name>.debug_info</name>
         <load_address>0x4e514</load_address>
         <run_address>0x4e514</run_address>
         <size>0x64a</size>
         <input_file_ref idref="fl-4e"/>
      </object_component>
      <object_component id="oc-15f">
         <name>.debug_info</name>
         <load_address>0x4eb5e</load_address>
         <run_address>0x4eb5e</run_address>
         <size>0xa1c</size>
         <input_file_ref idref="fl-4f"/>
      </object_component>
      <object_component id="oc-165">
         <name>.debug_info</name>
         <load_address>0x4f57a</load_address>
         <run_address>0x4f57a</run_address>
         <size>0xb97</size>
         <input_file_ref idref="fl-50"/>
      </object_component>
      <object_component id="oc-16b">
         <name>.debug_info</name>
         <load_address>0x50111</load_address>
         <run_address>0x50111</run_address>
         <size>0x64f</size>
         <input_file_ref idref="fl-51"/>
      </object_component>
      <object_component id="oc-16f">
         <name>.debug_info</name>
         <load_address>0x50760</load_address>
         <run_address>0x50760</run_address>
         <size>0x510</size>
         <input_file_ref idref="fl-52"/>
      </object_component>
      <object_component id="oc-173">
         <name>.debug_info</name>
         <load_address>0x50c70</load_address>
         <run_address>0x50c70</run_address>
         <size>0x6ebb</size>
         <input_file_ref idref="fl-53"/>
      </object_component>
      <object_component id="oc-179">
         <name>.debug_info</name>
         <load_address>0x57b2b</load_address>
         <run_address>0x57b2b</run_address>
         <size>0x7424</size>
         <input_file_ref idref="fl-54"/>
      </object_component>
      <object_component id="oc-17e">
         <name>.debug_info</name>
         <load_address>0x5ef4f</load_address>
         <run_address>0x5ef4f</run_address>
         <size>0x6ced</size>
         <input_file_ref idref="fl-55"/>
      </object_component>
      <object_component id="oc-1a7">
         <name>.debug_info</name>
         <load_address>0x65c3c</load_address>
         <run_address>0x65c3c</run_address>
         <size>0x70</size>
      </object_component>
      <object_component id="oc-15">
         <name>.debug_frame</name>
         <load_address>0x0</load_address>
         <run_address>0x0</run_address>
         <size>0x171</size>
         <input_file_ref idref="fl-2"/>
      </object_component>
      <object_component id="oc-1b">
         <name>.debug_frame</name>
         <load_address>0x171</load_address>
         <run_address>0x171</run_address>
         <size>0x121</size>
         <input_file_ref idref="fl-3"/>
      </object_component>
      <object_component id="oc-22">
         <name>.debug_frame</name>
         <load_address>0x292</load_address>
         <run_address>0x292</run_address>
         <size>0x16a</size>
         <input_file_ref idref="fl-4"/>
      </object_component>
      <object_component id="oc-27">
         <name>.debug_frame</name>
         <load_address>0x3fc</load_address>
         <run_address>0x3fc</run_address>
         <size>0x102</size>
         <input_file_ref idref="fl-5"/>
      </object_component>
      <object_component id="oc-2f">
         <name>.debug_frame</name>
         <load_address>0x4fe</load_address>
         <run_address>0x4fe</run_address>
         <size>0xe2</size>
         <input_file_ref idref="fl-6"/>
      </object_component>
      <object_component id="oc-35">
         <name>.debug_frame</name>
         <load_address>0x5e0</load_address>
         <run_address>0x5e0</run_address>
         <size>0x13b</size>
         <input_file_ref idref="fl-7"/>
      </object_component>
      <object_component id="oc-3d">
         <name>.debug_frame</name>
         <load_address>0x71b</load_address>
         <run_address>0x71b</run_address>
         <size>0x194</size>
         <input_file_ref idref="fl-8"/>
      </object_component>
      <object_component id="oc-4c">
         <name>.debug_frame</name>
         <load_address>0x8af</load_address>
         <run_address>0x8af</run_address>
         <size>0x2a1</size>
         <input_file_ref idref="fl-13"/>
      </object_component>
      <object_component id="oc-53">
         <name>.debug_frame</name>
         <load_address>0xb50</load_address>
         <run_address>0xb50</run_address>
         <size>0x197</size>
         <input_file_ref idref="fl-14"/>
      </object_component>
      <object_component id="oc-5a">
         <name>.debug_frame</name>
         <load_address>0xce7</load_address>
         <run_address>0xce7</run_address>
         <size>0x102</size>
         <input_file_ref idref="fl-15"/>
      </object_component>
      <object_component id="oc-5f">
         <name>.debug_frame</name>
         <load_address>0xde9</load_address>
         <run_address>0xde9</run_address>
         <size>0x13a</size>
         <input_file_ref idref="fl-16"/>
      </object_component>
      <object_component id="oc-65">
         <name>.debug_frame</name>
         <load_address>0xf23</load_address>
         <run_address>0xf23</run_address>
         <size>0x171</size>
         <input_file_ref idref="fl-17"/>
      </object_component>
      <object_component id="oc-6a">
         <name>.debug_frame</name>
         <load_address>0x1094</load_address>
         <run_address>0x1094</run_address>
         <size>0x138</size>
         <input_file_ref idref="fl-18"/>
      </object_component>
      <object_component id="oc-70">
         <name>.debug_frame</name>
         <load_address>0x11cc</load_address>
         <run_address>0x11cc</run_address>
         <size>0x138</size>
         <input_file_ref idref="fl-19"/>
      </object_component>
      <object_component id="oc-75">
         <name>.debug_frame</name>
         <load_address>0x1304</load_address>
         <run_address>0x1304</run_address>
         <size>0x116</size>
         <input_file_ref idref="fl-1a"/>
      </object_component>
      <object_component id="oc-174">
         <name>.debug_frame</name>
         <load_address>0x141a</load_address>
         <run_address>0x141a</run_address>
         <size>0x272</size>
         <input_file_ref idref="fl-53"/>
      </object_component>
      <object_component id="oc-17a">
         <name>.debug_frame</name>
         <load_address>0x168c</load_address>
         <run_address>0x168c</run_address>
         <size>0x1ef</size>
         <input_file_ref idref="fl-54"/>
      </object_component>
      <object_component id="oc-17f">
         <name>.debug_frame</name>
         <load_address>0x187b</load_address>
         <run_address>0x187b</run_address>
         <size>0x224</size>
         <input_file_ref idref="fl-55"/>
      </object_component>
      <object_component id="oc-16">
         <name>.debug_line</name>
         <load_address>0x0</load_address>
         <run_address>0x0</run_address>
         <size>0xd0</size>
         <input_file_ref idref="fl-2"/>
      </object_component>
      <object_component id="oc-1c">
         <name>.debug_line</name>
         <load_address>0xd0</load_address>
         <run_address>0xd0</run_address>
         <size>0x253</size>
         <input_file_ref idref="fl-3"/>
      </object_component>
      <object_component id="oc-23">
         <name>.debug_line</name>
         <load_address>0x323</load_address>
         <run_address>0x323</run_address>
         <size>0x198</size>
         <input_file_ref idref="fl-4"/>
      </object_component>
      <object_component id="oc-28">
         <name>.debug_line</name>
         <load_address>0x4bb</load_address>
         <run_address>0x4bb</run_address>
         <size>0x72</size>
         <input_file_ref idref="fl-5"/>
      </object_component>
      <object_component id="oc-30">
         <name>.debug_line</name>
         <load_address>0x52d</load_address>
         <run_address>0x52d</run_address>
         <size>0x91</size>
         <input_file_ref idref="fl-6"/>
      </object_component>
      <object_component id="oc-36">
         <name>.debug_line</name>
         <load_address>0x5be</load_address>
         <run_address>0x5be</run_address>
         <size>0x1d6</size>
         <input_file_ref idref="fl-7"/>
      </object_component>
      <object_component id="oc-3e">
         <name>.debug_line</name>
         <load_address>0x794</load_address>
         <run_address>0x794</run_address>
         <size>0x1d3</size>
         <input_file_ref idref="fl-8"/>
      </object_component>
      <object_component id="oc-43">
         <name>.debug_line</name>
         <load_address>0x967</load_address>
         <run_address>0x967</run_address>
         <size>0xa8</size>
         <input_file_ref idref="fl-11"/>
      </object_component>
      <object_component id="oc-47">
         <name>.debug_line</name>
         <load_address>0xa0f</load_address>
         <run_address>0xa0f</run_address>
         <size>0xab</size>
         <input_file_ref idref="fl-12"/>
      </object_component>
      <object_component id="oc-4d">
         <name>.debug_line</name>
         <load_address>0xaba</load_address>
         <run_address>0xaba</run_address>
         <size>0x83c</size>
         <input_file_ref idref="fl-13"/>
      </object_component>
      <object_component id="oc-54">
         <name>.debug_line</name>
         <load_address>0x12f6</load_address>
         <run_address>0x12f6</run_address>
         <size>0x94c</size>
         <input_file_ref idref="fl-14"/>
      </object_component>
      <object_component id="oc-5b">
         <name>.debug_line</name>
         <load_address>0x1c42</load_address>
         <run_address>0x1c42</run_address>
         <size>0x66e</size>
         <input_file_ref idref="fl-15"/>
      </object_component>
      <object_component id="oc-60">
         <name>.debug_line</name>
         <load_address>0x22b0</load_address>
         <run_address>0x22b0</run_address>
         <size>0x6ca</size>
         <input_file_ref idref="fl-16"/>
      </object_component>
      <object_component id="oc-66">
         <name>.debug_line</name>
         <load_address>0x297a</load_address>
         <run_address>0x297a</run_address>
         <size>0x69c</size>
         <input_file_ref idref="fl-17"/>
      </object_component>
      <object_component id="oc-6b">
         <name>.debug_line</name>
         <load_address>0x3016</load_address>
         <run_address>0x3016</run_address>
         <size>0x659</size>
         <input_file_ref idref="fl-18"/>
      </object_component>
      <object_component id="oc-71">
         <name>.debug_line</name>
         <load_address>0x366f</load_address>
         <run_address>0x366f</run_address>
         <size>0x653</size>
         <input_file_ref idref="fl-19"/>
      </object_component>
      <object_component id="oc-76">
         <name>.debug_line</name>
         <load_address>0x3cc2</load_address>
         <run_address>0x3cc2</run_address>
         <size>0x59c</size>
         <input_file_ref idref="fl-1a"/>
      </object_component>
      <object_component id="oc-7a">
         <name>.debug_line</name>
         <load_address>0x425e</load_address>
         <run_address>0x425e</run_address>
         <size>0x5c</size>
         <input_file_ref idref="fl-1b"/>
      </object_component>
      <object_component id="oc-7e">
         <name>.debug_line</name>
         <load_address>0x42ba</load_address>
         <run_address>0x42ba</run_address>
         <size>0x54</size>
         <input_file_ref idref="fl-1c"/>
      </object_component>
      <object_component id="oc-82">
         <name>.debug_line</name>
         <load_address>0x430e</load_address>
         <run_address>0x430e</run_address>
         <size>0xad</size>
         <input_file_ref idref="fl-1d"/>
      </object_component>
      <object_component id="oc-89">
         <name>.debug_line</name>
         <load_address>0x43bb</load_address>
         <run_address>0x43bb</run_address>
         <size>0x54</size>
         <input_file_ref idref="fl-1e"/>
      </object_component>
      <object_component id="oc-8d">
         <name>.debug_line</name>
         <load_address>0x440f</load_address>
         <run_address>0x440f</run_address>
         <size>0x5b</size>
         <input_file_ref idref="fl-1f"/>
      </object_component>
      <object_component id="oc-94">
         <name>.debug_line</name>
         <load_address>0x446a</load_address>
         <run_address>0x446a</run_address>
         <size>0x51</size>
         <input_file_ref idref="fl-20"/>
      </object_component>
      <object_component id="oc-98">
         <name>.debug_line</name>
         <load_address>0x44bb</load_address>
         <run_address>0x44bb</run_address>
[...]
         <value>0x28e20</value>
         <object_component_ref idref="oc-c0"/>
      </symbol>
      <symbol id="sm-44b">
         <name>__nround</name>
         <value>0x28d11</value>
         <object_component_ref idref="oc-c4"/>
      </symbol>
      <symbol id="sm-458">
         <name>_sqrt</name>
         <value>0x27c53</value>
         <object_component_ref idref="oc-c9"/>
      </symbol>
      <symbol id="sm-462">
         <name>__subd</name>
         <value>0x2911e</value>
         <object_component_ref idref="oc-ce"/>
      </symbol>
      <symbol id="sm-46e">
         <name>__trunc</name>
         <value>0x28f9b</value>
         <object_component_ref idref="oc-d2"/>
      </symbol>
      <symbol id="sm-478">
         <name>_Reset</name>
         <value>0x4ff00</value>
         <object_component_ref idref="oc-11"/>
      </symbol>
      <symbol id="sm-486">
         <name>__unlock</name>
         <value>0x66f0</value>
         <object_component_ref idref="oc-dc"/>
      </symbol>
      <symbol id="sm-487">
         <name>__lock</name>
         <value>0x66ec</value>
         <object_component_ref idref="oc-dc"/>
      </symbol>
      <symbol id="sm-488">
         <name>__register_lock</name>
         <value>0x2914d</value>
         <object_component_ref idref="oc-db"/>
      </symbol>
      <symbol id="sm-489">
         <name>__nop</name>
         <value>0x29155</value>
         <object_component_ref idref="oc-db"/>
      </symbol>
      <symbol id="sm-48a">
         <name>__register_unlock</name>
         <value>0x29145</value>
         <object_component_ref idref="oc-db"/>
      </symbol>
      <symbol id="sm-49c">
         <name>__printfi</name>
         <value>0x21362</value>
         <object_component_ref idref="oc-e1"/>
      </symbol>
      <symbol id="sm-4a6">
         <name>__args_main</name>
         <value>0x28ebd</value>
         <object_component_ref idref="oc-e7"/>
      </symbol>
      <symbol id="sm-4a7">
         <name>__TI_args_main</name>
         <value>0x1</value>
      </symbol>
      <symbol id="sm-4b1">
         <name>_atoi</name>
         <value>0x28d70</value>
         <object_component_ref idref="oc-eb"/>
      </symbol>
      <symbol id="sm-4b9">
         <name>_auto_init</name>
         <value>0x28e70</value>
         <object_component_ref idref="oc-ef"/>
      </symbol>
      <symbol id="sm-4c1">
         <name>__ctypes_</name>
         <value>0x69ec</value>
         <object_component_ref idref="oc-186"/>
      </symbol>
      <symbol id="sm-4cb">
         <name>__tmpnams</name>
         <value>0x6170</value>
         <object_component_ref idref="oc-f5"/>
      </symbol>
      <symbol id="sm-4cc">
         <name>__ft_end</name>
         <value>0x62b0</value>
         <object_component_ref idref="oc-f5"/>
      </symbol>
      <symbol id="sm-4cd">
         <name>__ftable</name>
         <value>0x6080</value>
         <object_component_ref idref="oc-f5"/>
      </symbol>
      <symbol id="sm-4d8">
         <name>__divul</name>
         <value>0x28661</value>
         <object_component_ref idref="oc-f9"/>
      </symbol>
      <symbol id="sm-4e2">
         <name>_errno</name>
         <value>0x5d16</value>
         <object_component_ref idref="oc-fd"/>
      </symbol>
      <symbol id="sm-4ec">
         <name>_putchar</name>
         <value>0x28652</value>
         <object_component_ref idref="oc-101"/>
      </symbol>
      <symbol id="sm-4ed">
         <name>_putc</name>
         <value>0x285bb</value>
         <object_component_ref idref="oc-101"/>
      </symbol>
      <symbol id="sm-4ee">
         <name>_fputc</name>
         <value>0x285bb</value>
         <object_component_ref idref="oc-101"/>
      </symbol>
      <symbol id="sm-4fc">
         <name>_puts</name>
         <value>0x2788f</value>
         <object_component_ref idref="oc-105"/>
      </symbol>
      <symbol id="sm-4fd">
         <name>_fputs</name>
         <value>0x2775a</value>
         <object_component_ref idref="oc-105"/>
      </symbol>
      <symbol id="sm-507">
         <name>__frcmpyd</name>
         <value>0x2899b</value>
         <object_component_ref idref="oc-10a"/>
      </symbol>
      <symbol id="sm-513">
         <name>_frexp</name>
         <value>0x281f1</value>
         <object_component_ref idref="oc-10e"/>
      </symbol>
      <symbol id="sm-51d">
         <name>___isinf</name>
         <value>0x29104</value>
         <object_component_ref idref="oc-113"/>
      </symbol>
      <symbol id="sm-529">
         <name>_ldexp</name>
         <value>0x27e70</value>
         <object_component_ref idref="oc-117"/>
      </symbol>
      <symbol id="sm-533">
         <name>__divull</name>
         <value>0x26cc9</value>
         <object_component_ref idref="oc-11c"/>
      </symbol>
      <symbol id="sm-534">
         <name>__mpylli</name>
         <value>0x26c11</value>
         <object_component_ref idref="oc-11c"/>
      </symbol>
      <symbol id="sm-535">
         <name>__remlli</name>
         <value>0x26be2</value>
         <object_component_ref idref="oc-11c"/>
      </symbol>
      <symbol id="sm-536">
         <name>__divlli</name>
         <value>0x26dbd</value>
         <object_component_ref idref="oc-11c"/>
      </symbol>
      <symbol id="sm-537">
         <name>__remull</name>
         <value>0x26b94</value>
         <object_component_ref idref="oc-11c"/>
      </symbol>
      <symbol id="sm-549">
         <name>_add_device</name>
         <value>0x2548f</value>
         <object_component_ref idref="oc-120"/>
      </symbol>
      <symbol id="sm-54a">
         <name>_rename</name>
         <value>0x251b1</value>
         <object_component_ref idref="oc-120"/>
      </symbol>
      <symbol id="sm-54b">
         <name>_read</name>
         <value>0x25240</value>
         <object_component_ref idref="oc-120"/>
      </symbol>
      <symbol id="sm-54c">
         <name>_unlink</name>
         <value>0x2517e</value>
         <object_component_ref idref="oc-120"/>
      </symbol>
      <symbol id="sm-54d">
         <name>_remove_device</name>
         <value>0x2520a</value>
         <object_component_ref idref="oc-120"/>
      </symbol>
      <symbol id="sm-54e">
         <name>_open</name>
         <value>0x252ee</value>
         <object_component_ref idref="oc-120"/>
      </symbol>
      <symbol id="sm-54f">
         <name>_find_registered_device</name>
         <value>0x25413</value>
         <object_component_ref idref="oc-120"/>
      </symbol>
      <symbol id="sm-550">
         <name>_lseek</name>
         <value>0x253ad</value>
         <object_component_ref idref="oc-120"/>
      </symbol>
      <symbol id="sm-551">
         <name>_close</name>
         <value>0x2541c</value>
         <object_component_ref idref="oc-120"/>
      </symbol>
      <symbol id="sm-552">
         <name>_write</name>
         <value>0x2503c</value>
         <object_component_ref idref="oc-120"/>
      </symbol>
      <symbol id="sm-55c">
         <name>_ltoa</name>
         <value>0x288a3</value>
         <object_component_ref idref="oc-126"/>
      </symbol>
      <symbol id="sm-567">
         <name>_memccpy</name>
         <value>0x290e1</value>
         <object_component_ref idref="oc-12a"/>
      </symbol>
      <symbol id="sm-56f">
         <name>_memcpy</name>
         <value>0x28fdc</value>
         <object_component_ref idref="oc-12e"/>
      </symbol>
      <symbol id="sm-579">
         <name>__remli</name>
         <value>0x28f08</value>
         <object_component_ref idref="oc-132"/>
      </symbol>
      <symbol id="sm-584">
         <name>__remul</name>
         <value>0x28a84</value>
         <object_component_ref idref="oc-136"/>
      </symbol>
      <symbol id="sm-590">
         <name>_HOSTopen</name>
         <value>0x2588a</value>
         <object_component_ref idref="oc-13a"/>
      </symbol>
      <symbol id="sm-591">
         <name>_HOSTread</name>
         <value>0x257fd</value>
         <object_component_ref idref="oc-13a"/>
      </symbol>
      <symbol id="sm-592">
         <name>_HOSTtime</name>
         <value>0x256f1</value>
         <object_component_ref idref="oc-13a"/>
      </symbol>
      <symbol id="sm-593">
         <name>_getenv</name>
         <value>0x2557f</value>
         <object_component_ref idref="oc-13a"/>
      </symbol>
      <symbol id="sm-594">
         <name>_HOSTrename</name>
         <value>0x2574f</value>
         <object_component_ref idref="oc-13a"/>
      </symbol>
      <symbol id="sm-595">
         <name>_HOSTclock</name>
         <value>0x25a49</value>
         <object_component_ref idref="oc-13a"/>
      </symbol>
      <symbol id="sm-596">
         <name>_HOSTwrite</name>
         <value>0x255fa</value>
         <object_component_ref idref="oc-13a"/>
      </symbol>
      <symbol id="sm-597">
         <name>_HOSTlseek</name>
         <value>0x25929</value>
         <object_component_ref idref="oc-13a"/>
      </symbol>
      <symbol id="sm-598">
         <name>_HOSTunlink</name>
         <value>0x25687</value>
         <object_component_ref idref="oc-13a"/>
      </symbol>
      <symbol id="sm-599">
         <name>_HOSTclose</name>
         <value>0x259de</value>
         <object_component_ref idref="oc-13a"/>
      </symbol>
      <symbol id="sm-5ab">
         <name>C$$IO$$</name>
         <value>0x285b6</value>
         <object_component_ref idref="oc-142"/>
      </symbol>
      <symbol id="sm-5ac">
         <name>__CIOBUF_</name>
         <value>0x40000</value>
         <object_component_ref idref="oc-141"/>
      </symbol>
      <symbol id="sm-5ad">
         <name>_readmsg</name>
         <value>0x28bd2</value>
         <object_component_ref idref="oc-13f"/>
      </symbol>
      <symbol id="sm-5ae">
         <name>_writemsg</name>
         <value>0x28501</value>
         <object_component_ref idref="oc-142"/>
      </symbol>
      <symbol id="sm-5b6">
         <name>__remu</name>
         <value>0x290cc</value>
         <object_component_ref idref="oc-145"/>
      </symbol>
      <symbol id="sm-5b7">
         <name>__divu</name>
         <value>0x290b7</value>
         <object_component_ref idref="oc-145"/>
      </symbol>
      <symbol id="sm-5b8">
         <name>I$$UMOD</name>
         <value>0x290cc</value>
         <object_component_ref idref="oc-145"/>
      </symbol>
      <symbol id="sm-5b9">
         <name>I$$UDIV</name>
         <value>0x290b7</value>
         <object_component_ref idref="oc-145"/>
      </symbol>
      <symbol id="sm-5c3">
         <name>__rd_ok</name>
         <value>0x280c8</value>
         <object_component_ref idref="oc-149"/>
      </symbol>
      <symbol id="sm-5c4">
         <name>__wrt_ok</name>
         <value>0x28048</value>
         <object_component_ref idref="oc-149"/>
      </symbol>
      <symbol id="sm-5ce">
         <name>__divli</name>
         <value>0x28f53</value>
         <object_component_ref idref="oc-14d"/>
      </symbol>
      <symbol id="sm-5d8">
         <name>__doflush</name>
         <value>0x28380</value>
         <object_component_ref idref="oc-151"/>
      </symbol>
      <symbol id="sm-5d9">
         <name>_fflush</name>
         <value>0x283e9</value>
         <object_component_ref idref="oc-151"/>
      </symbol>
      <symbol id="sm-5e3">
         <name>_fseek</name>
         <value>0x28c3f</value>
         <object_component_ref idref="oc-155"/>
      </symbol>
      <symbol id="sm-5ed">
         <name>_setvbuf</name>
         <value>0x27f62</value>
         <object_component_ref idref="oc-159"/>
      </symbol>
      <symbol id="sm-5fc">
         <name>__cleanup</name>
         <value>0x26a36</value>
         <object_component_ref idref="oc-15d"/>
      </symbol>
      <symbol id="sm-5fd">
         <name>_fopen</name>
         <value>0x26b59</value>
         <object_component_ref idref="oc-15d"/>
      </symbol>
      <symbol id="sm-5fe">
         <name>_freopen</name>
         <value>0x26a90</value>
         <object_component_ref idref="oc-15d"/>
      </symbol>
      <symbol id="sm-60e">
         <name>__sys_memory</name>
         <value>0x30c0</value>
         <object_component_ref idref="oc-167"/>
      </symbol>
      <symbol id="sm-60f">
         <name>_chkheap</name>
         <value>0x25f2e</value>
         <object_component_ref idref="oc-163"/>
      </symbol>
      <symbol id="sm-610">
         <name>_realloc</name>
         <value>0x25ccd</value>
         <object_component_ref idref="oc-163"/>
      </symbol>
      <symbol id="sm-611">
         <name>_free_memory</name>
         <value>0x25ed8</value>
         <object_component_ref idref="oc-163"/>
      </symbol>
      <symbol id="sm-612">
         <name>_max_free</name>
         <value>0x25e7e</value>
         <object_component_ref idref="oc-163"/>
      </symbol>
      <symbol id="sm-613">
         <name>_free</name>
         <value>0x25aa7</value>
         <object_component_ref idref="oc-163"/>
      </symbol>
      <symbol id="sm-614">
         <name>_calloc</name>
         <value>0x25f36</value>
         <object_component_ref idref="oc-163"/>
      </symbol>
      <symbol id="sm-615">
         <name>_malloc</name>
         <value>0x25bd8</value>
         <object_component_ref idref="oc-163"/>
      </symbol>
      <symbol id="sm-616">
         <name>_minit</name>
         <value>0x25b73</value>
         <object_component_ref idref="oc-163"/>
      </symbol>
      <symbol id="sm-620">
         <name>_fclose</name>
         <value>0x28920</value>
         <object_component_ref idref="oc-16a"/>
      </symbol>
      <symbol id="sm-62a">
         <name>_remove</name>
         <value>0x29184</value>
         <object_component_ref idref="oc-16e"/>
      </symbol>
      <symbol id="sm-676">
         <name>_SAR_chanSetup</name>
         <value>0x22446</value>
         <object_component_ref idref="oc-172"/>
      </symbol>
      <symbol id="sm-677">
         <name>_SAR_stopConversion</name>
         <value>0x226db</value>
         <object_component_ref idref="oc-172"/>
      </symbol>
      <symbol id="sm-678">
         <name>_SAR_deInit</name>
         <value>0x2223d</value>
         <object_component_ref idref="oc-172"/>
      </symbol>
      <symbol id="sm-679">
         <name>_SAR_chanOpen</name>
         <value>0x22278</value>
         <object_component_ref idref="oc-172"/>
      </symbol>
      <symbol id="sm-67a">
         <name>_SAR_GPODirSet</name>
         <value>0x22bdd</value>
         <object_component_ref idref="oc-172"/>
      </symbol>
      <symbol id="sm-67b">
         <name>_SAR_init</name>
         <value>0x221e0</value>
         <object_component_ref idref="oc-172"/>
      </symbol>
      <symbol id="sm-67c">
         <name>_SAR_getStatus</name>
         <value>0x22cb9</value>
         <object_component_ref idref="oc-172"/>
      </symbol>
      <symbol id="sm-67d">
         <name>_SAR_readData</name>
         <value>0x22722</value>
         <object_component_ref idref="oc-172"/>
      </symbol>
      <symbol id="sm-67e">
         <name>_SAR_chanConfig</name>
         <value>0x2235e</value>
         <object_component_ref idref="oc-172"/>
      </symbol>
      <symbol id="sm-67f">
         <name>_SAR_A2DMeasParamSet</name>
         <value>0x22763</value>
         <object_component_ref idref="oc-172"/>
      </symbol>
      <symbol id="sm-680">
         <name>_SAR_chanClose</name>
         <value>0x222da</value>
         <object_component_ref idref="oc-172"/>
      </symbol>
      <symbol id="sm-681">
         <name>_SAR_chanCycSet</name>
         <value>0x2265a</value>
         <object_component_ref idref="oc-172"/>
      </symbol>
      <symbol id="sm-682">
         <name>_SAR_getConfig</name>
         <value>0x223d4</value>
         <object_component_ref idref="oc-172"/>
      </symbol>
      <symbol id="sm-683">
         <name>_SAR_startConversion</name>
         <value>0x226a9</value>
         <object_component_ref idref="oc-172"/>
      </symbol>
      <symbol id="sm-684">
         <name>_SAR_chanInit</name>
         <value>0x2225d</value>
         <object_component_ref idref="oc-172"/>
      </symbol>
      <symbol id="sm-701">
         <name>_I2C_eventEnable</name>
         <value>0x21ee4</value>
         <object_component_ref idref="oc-177"/>
      </symbol>
      <symbol id="sm-702">
         <name>_I2C_setCallback</name>
         <value>0x22137</value>
         <object_component_ref idref="oc-177"/>
      </symbol>
      <symbol id="sm-703">
         <name>_I2C_init</name>
         <value>0x215a4</value>
         <object_component_ref idref="oc-177"/>
      </symbol>
      <symbol id="sm-704">
         <name>_I2C_config</name>
         <value>0x2164d</value>
         <object_component_ref idref="oc-177"/>
      </symbol>
      <symbol id="sm-705">
         <name>_gI2cObj</name>
         <value>0x6694</value>
         <object_component_ref idref="oc-178"/>
      </symbol>
      <symbol id="sm-706">
         <name>_I2C_getConfig</name>
         <value>0x217b2</value>
         <object_component_ref idref="oc-177"/>
      </symbol>
      <symbol id="sm-707">
         <name>_I2C_setup</name>
         <value>0x21888</value>
         <object_component_ref idref="oc-177"/>
      </symbol>
      <symbol id="sm-708">
         <name>_I2C_write</name>
         <value>0x21a82</value>
         <object_component_ref idref="oc-177"/>
      </symbol>
      <symbol id="sm-709">
         <name>_I2C_read</name>
         <value>0x21cc6</value>
         <object_component_ref idref="oc-177"/>
      </symbol>
      <symbol id="sm-70a">
         <name>_I2C_eventDisable</name>
         <value>0x22018</value>
         <object_component_ref idref="oc-177"/>
      </symbol>
      <symbol id="sm-70b">
         <name>_I2C_getEventId</name>
         <value>0x221c4</value>
         <object_component_ref idref="oc-177"/>
      </symbol>
      <symbol id="sm-70c">
         <name>_i2cHandle</name>
         <value>0x66b4</value>
         <object_component_ref idref="oc-178"/>
      </symbol>
      <symbol id="sm-751">
         <name>_GPIO_write</name>
         <value>0x2409e</value>
         <object_component_ref idref="oc-17d"/>
      </symbol>
      <symbol id="sm-752">
         <name>_GPIO_read</name>
         <value>0x2401b</value>
         <object_component_ref idref="oc-17d"/>
      </symbol>
      <symbol id="sm-753">
         <name>_GPIO_close</name>
         <value>0x23eea</value>
         <object_component_ref idref="oc-17d"/>
      </symbol>
      <symbol id="sm-754">
         <name>_GPIO_enableInt</name>
         <value>0x24307</value>
         <object_component_ref idref="oc-17d"/>
      </symbol>
      <symbol id="sm-755">
         <name>_GPIO_clearInt</name>
         <value>0x24391</value>
         <object_component_ref idref="oc-17d"/>
      </symbol>
      <symbol id="sm-756">
         <name>_GPIO_statusBit</name>
         <value>0x2441d</value>
         <object_component_ref idref="oc-17d"/>
      </symbol>
      <symbol id="sm-757">
         <name>_GPIO_configBit</name>
         <value>0x24141</value>
         <object_component_ref idref="oc-17d"/>
      </symbol>
      <symbol id="sm-758">
         <name>_GPIO_reset</name>
         <value>0x244a4</value>
         <object_component_ref idref="oc-17d"/>
      </symbol>
      <symbol id="sm-759">
         <name>_GPIO_getConfig</name>
         <value>0x23f93</value>
         <object_component_ref idref="oc-17d"/>
      </symbol>
      <symbol id="sm-75a">
         <name>_GPIO_disableInt</name>
         <value>0x24289</value>
         <object_component_ref idref="oc-17d"/>
      </symbol>
      <symbol id="sm-75b">
         <name>_GPIO_config</name>
         <value>0x23f0e</value>
         <object_component_ref idref="oc-17d"/>
      </symbol>
      <symbol id="sm-75c">
         <name>_GPIO_open</name>
         <value>0x23ea6</value>
         <object_component_ref idref="oc-17d"/>
      </symbol>
   </symbol_table>
</link_info>
